#-----------------------------------------------------------
# Vivado v2023.2 (64-bit)
# SW Build 4029153 on Fri Oct 13 20:13:54 MDT 2023
# IP Build 4028589 on Sat Oct 14 00:45:43 MDT 2023
# SharedData Build 4025554 on Tue Oct 10 17:18:54 MDT 2023
# Start of session at: Fri Apr 19 12:19:03 2024
# Process ID: 113976
# Current directory: /home/theli11/workspace/courses/advanced_fpga_impl/code/lab2/lab2.runs/design_1_auto_pc_2_synth_1
# Command line: vivado -log design_1_auto_pc_2.vds -product Vivado -mode batch -messageDb vivado.pb -notrace -source design_1_auto_pc_2.tcl
# Log file: /home/theli11/workspace/courses/advanced_fpga_impl/code/lab2/lab2.runs/design_1_auto_pc_2_synth_1/design_1_auto_pc_2.vds
# Journal file: /home/theli11/workspace/courses/advanced_fpga_impl/code/lab2/lab2.runs/design_1_auto_pc_2_synth_1/vivado.jou
# Running On: muxen2-104.ad.liu.se, OS: Linux, CPU Frequency: 2100.000 MHz, CPU Physical cores: 12, Host memory: 16186 MB
#-----------------------------------------------------------
source design_1_auto_pc_2.tcl -notrace
