

================================================================
== Vitis HLS Report for 'mmult_Pipeline_MEM_LOOP_R_MEM_LOOP_C'
================================================================
* Date:           Mon May  6 20:55:37 2024

* Version:        2023.2 (Build 4023990 on Oct 11 2023)
* Project:        block_mult
* Solution:       sol_blk_mult (Vivado IP Flow Target)
* Product family: zynq
* Target device:  xc7z020i-clg400-1L


================================================================
== Performance Estimates
================================================================
+ Timing: 
    * Summary: 
    +--------+----------+----------+------------+
    |  Clock |  Target  | Estimated| Uncertainty|
    +--------+----------+----------+------------+
    |ap_clk  |  10.00 ns|  8.254 ns|     2.70 ns|
    +--------+----------+----------+------------+

+ Latency: 
    * Summary: 
    +---------+---------+----------+----------+-------+-------+---------+
    |  Latency (cycles) |  Latency (absolute) |    Interval   | Pipeline|
    |   min   |   max   |    min   |    max   |  min  |  max  |   Type  |
    +---------+---------+----------+----------+-------+-------+---------+
    |    16387|    16387|  0.164 ms|  0.164 ms|  16387|  16387|       no|
    +---------+---------+----------+----------+-------+-------+---------+

    + Detail: 
        * Instance: 
        N/A

        * Loop: 
        +-------------------------+---------+---------+----------+-----------+-----------+-------+----------+
        |                         |  Latency (cycles) | Iteration|  Initiation Interval  |  Trip |          |
        |        Loop Name        |   min   |   max   |  Latency |  achieved |   target  | Count | Pipelined|
        +-------------------------+---------+---------+----------+-----------+-----------+-------+----------+
        |- MEM_LOOP_R_MEM_LOOP_C  |    16385|    16385|         3|          1|          1|  16384|       yes|
        +-------------------------+---------+---------+----------+-----------+-----------+-------+----------+



================================================================
== Utilization Estimates
================================================================
* Summary: 
+-----------------+---------+-----+--------+-------+-----+
|       Name      | BRAM_18K| DSP |   FF   |  LUT  | URAM|
+-----------------+---------+-----+--------+-------+-----+
|DSP              |        -|    -|       -|      -|    -|
|Expression       |        -|    -|       0|    124|    -|
|FIFO             |        -|    -|       -|      -|    -|
|Instance         |        -|    -|       -|      -|    -|
|Memory           |        -|    -|       -|      -|    -|
|Multiplexer      |        -|    -|       -|     81|    -|
|Register         |        -|    -|     210|      -|    -|
+-----------------+---------+-----+--------+-------+-----+
|Total            |        0|    0|     210|    205|    0|
+-----------------+---------+-----+--------+-------+-----+
|Available        |      280|  220|  106400|  53200|    0|
+-----------------+---------+-----+--------+-------+-----+
|Utilization (%)  |        0|    0|      ~0|     ~0|    0|
+-----------------+---------+-----+--------+-------+-----+

+ Detail: 
    * Instance: 
    N/A

    * DSP: 
    N/A

    * Memory: 
    N/A

    * FIFO: 
    N/A

    * Expression: 
    +----------------------------------+----------+----+---+----+------------+------------+
    |           Variable Name          | Operation| DSP| FF| LUT| Bitwidth P0| Bitwidth P1|
    +----------------------------------+----------+----+---+----+------------+------------+
    |add_ln41_1_fu_2178_p2             |         +|   0|  0|  20|          15|           1|
    |add_ln41_fu_2246_p2               |         +|   0|  0|  15|           8|           1|
    |add_ln42_fu_2215_p2               |         +|   0|  0|  15|           8|           1|
    |add_ln45_fu_2291_p2               |         +|   0|  0|  15|           8|           8|
    |ap_block_pp0_stage0_11001         |       and|   0|  0|   2|           1|           1|
    |icmp_ln41_fu_2172_p2              |      icmp|   0|  0|  23|          15|          16|
    |icmp_ln42_fu_2187_p2              |      icmp|   0|  0|  14|           8|           9|
    |ap_block_state2_pp0_stage0_iter1  |        or|   0|  0|   2|           1|           1|
    |select_ln41_1_fu_2252_p3          |    select|   0|  0|   8|           1|           8|
    |select_ln41_fu_2193_p3            |    select|   0|  0|   8|           1|           1|
    |ap_enable_pp0                     |       xor|   0|  0|   2|           1|           2|
    +----------------------------------+----------+----+---+----+------------+------------+
    |Total                             |          |   0|  0| 124|          67|          49|
    +----------------------------------+----------+----+---+----+------------+------------+

    * Multiplexer: 
    +--------------------------------------+----+-----------+-----+-----------+
    |                 Name                 | LUT| Input Size| Bits| Total Bits|
    +--------------------------------------+----+-----------+-----+-----------+
    |A_blk_n_R                             |   9|          2|    1|          2|
    |B_blk_n_R                             |   9|          2|    1|          2|
    |ap_done_int                           |   9|          2|    1|          2|
    |ap_enable_reg_pp0_iter1               |   9|          2|    1|          2|
    |ap_sig_allocacmp_indvar_flatten_load  |   9|          2|   15|         30|
    |ap_sig_allocacmp_j_load               |   9|          2|    8|         16|
    |i_fu_452                              |   9|          2|    8|         16|
    |indvar_flatten_fu_456                 |   9|          2|   15|         30|
    |j_fu_448                              |   9|          2|    8|         16|
    +--------------------------------------+----+-----------+-----+-----------+
    |Total                                 |  81|         18|   58|        116|
    +--------------------------------------+----+-----------+-----+-----------+

    * Register: 
    +------------------------------------+----+----+-----+-----------+
    |                Name                | FF | LUT| Bits| Const Bits|
    +------------------------------------+----+----+-----+-----------+
    |ap_CS_fsm                           |   1|   0|    1|          0|
    |ap_done_reg                         |   1|   0|    1|          0|
    |ap_enable_reg_pp0_iter1             |   1|   0|    1|          0|
    |ap_enable_reg_pp0_iter2             |   1|   0|    1|          0|
    |ap_loop_exit_ready_pp0_iter1_reg    |   1|   0|    1|          0|
    |ap_predicate_pred1267_state3        |   1|   0|    1|          0|
    |ap_predicate_pred1272_state3        |   1|   0|    1|          0|
    |ap_predicate_pred1277_state3        |   1|   0|    1|          0|
    |ap_predicate_pred1282_state3        |   1|   0|    1|          0|
    |ap_predicate_pred1287_state3        |   1|   0|    1|          0|
    |ap_predicate_pred1292_state3        |   1|   0|    1|          0|
    |ap_predicate_pred1297_state3        |   1|   0|    1|          0|
    |ap_predicate_pred1302_state3        |   1|   0|    1|          0|
    |ap_predicate_pred1307_state3        |   1|   0|    1|          0|
    |ap_predicate_pred1312_state3        |   1|   0|    1|          0|
    |ap_predicate_pred1317_state3        |   1|   0|    1|          0|
    |ap_predicate_pred1322_state3        |   1|   0|    1|          0|
    |ap_predicate_pred1327_state3        |   1|   0|    1|          0|
    |ap_predicate_pred1332_state3        |   1|   0|    1|          0|
    |ap_predicate_pred1337_state3        |   1|   0|    1|          0|
    |ap_predicate_pred1342_state3        |   1|   0|    1|          0|
    |ap_predicate_pred1347_state3        |   1|   0|    1|          0|
    |ap_predicate_pred1352_state3        |   1|   0|    1|          0|
    |ap_predicate_pred1357_state3        |   1|   0|    1|          0|
    |ap_predicate_pred1362_state3        |   1|   0|    1|          0|
    |ap_predicate_pred1367_state3        |   1|   0|    1|          0|
    |ap_predicate_pred1372_state3        |   1|   0|    1|          0|
    |ap_predicate_pred1377_state3        |   1|   0|    1|          0|
    |ap_predicate_pred1382_state3        |   1|   0|    1|          0|
    |ap_predicate_pred1387_state3        |   1|   0|    1|          0|
    |ap_predicate_pred1392_state3        |   1|   0|    1|          0|
    |ap_predicate_pred1397_state3        |   1|   0|    1|          0|
    |ap_predicate_pred1402_state3        |   1|   0|    1|          0|
    |ap_predicate_pred1407_state3        |   1|   0|    1|          0|
    |ap_predicate_pred1412_state3        |   1|   0|    1|          0|
    |ap_predicate_pred1417_state3        |   1|   0|    1|          0|
    |ap_predicate_pred1422_state3        |   1|   0|    1|          0|
    |ap_predicate_pred1427_state3        |   1|   0|    1|          0|
    |ap_predicate_pred1432_state3        |   1|   0|    1|          0|
    |ap_predicate_pred1437_state3        |   1|   0|    1|          0|
    |ap_predicate_pred1442_state3        |   1|   0|    1|          0|
    |ap_predicate_pred1447_state3        |   1|   0|    1|          0|
    |ap_predicate_pred1452_state3        |   1|   0|    1|          0|
    |ap_predicate_pred1457_state3        |   1|   0|    1|          0|
    |ap_predicate_pred1462_state3        |   1|   0|    1|          0|
    |ap_predicate_pred1467_state3        |   1|   0|    1|          0|
    |ap_predicate_pred1472_state3        |   1|   0|    1|          0|
    |ap_predicate_pred1477_state3        |   1|   0|    1|          0|
    |ap_predicate_pred1482_state3        |   1|   0|    1|          0|
    |ap_predicate_pred1487_state3        |   1|   0|    1|          0|
    |ap_predicate_pred1492_state3        |   1|   0|    1|          0|
    |ap_predicate_pred1497_state3        |   1|   0|    1|          0|
    |ap_predicate_pred1502_state3        |   1|   0|    1|          0|
    |ap_predicate_pred1507_state3        |   1|   0|    1|          0|
    |ap_predicate_pred1512_state3        |   1|   0|    1|          0|
    |ap_predicate_pred1517_state3        |   1|   0|    1|          0|
    |ap_predicate_pred1522_state3        |   1|   0|    1|          0|
    |ap_predicate_pred1527_state3        |   1|   0|    1|          0|
    |ap_predicate_pred1532_state3        |   1|   0|    1|          0|
    |ap_predicate_pred1537_state3        |   1|   0|    1|          0|
    |ap_predicate_pred1542_state3        |   1|   0|    1|          0|
    |ap_predicate_pred1547_state3        |   1|   0|    1|          0|
    |ap_predicate_pred1552_state3        |   1|   0|    1|          0|
    |ap_predicate_pred1557_state3        |   1|   0|    1|          0|
    |ap_predicate_pred1562_state3        |   1|   0|    1|          0|
    |ap_predicate_pred1567_state3        |   1|   0|    1|          0|
    |ap_predicate_pred1572_state3        |   1|   0|    1|          0|
    |ap_predicate_pred1577_state3        |   1|   0|    1|          0|
    |ap_predicate_pred1582_state3        |   1|   0|    1|          0|
    |bitcast_ln44_reg_2506               |  32|   0|   32|          0|
    |bitcast_ln45_reg_2574               |  32|   0|   32|          0|
    |i_fu_452                            |   8|   0|    8|          0|
    |icmp_ln42_reg_2473                  |   1|   0|    1|          0|
    |indvar_flatten_fu_456               |  15|   0|   15|          0|
    |j_fu_448                            |   8|   0|    8|          0|
    |select_ln41_1_reg_2492              |   8|   0|    8|          0|
    |select_ln41_reg_2478                |   8|   0|    8|          0|
    |select_ln41_reg_2478_pp0_iter1_reg  |   8|   0|    8|          0|
    |trunc_ln1_reg_2502                  |   6|   0|    6|          0|
    |trunc_ln2_reg_2488                  |   6|   0|    6|          0|
    |trunc_ln42_reg_2483                 |   1|   0|    1|          0|
    |trunc_ln42_reg_2483_pp0_iter1_reg   |   1|   0|    1|          0|
    |trunc_ln45_reg_2497                 |   7|   0|    7|          0|
    +------------------------------------+----+----+-----+-----------+
    |Total                               | 210|   0|  210|          0|
    +------------------------------------+----+----+-----+-----------+



================================================================
== Interface
================================================================
* Summary: 
+------------------+-----+-----+------------+--------------------------------------+--------------+
|     RTL Ports    | Dir | Bits|  Protocol  |             Source Object            |    C Type    |
+------------------+-----+-----+------------+--------------------------------------+--------------+
|ap_clk            |   in|    1|  ap_ctrl_hs|  mmult_Pipeline_MEM_LOOP_R_MEM_LOOP_C|  return value|
|ap_rst            |   in|    1|  ap_ctrl_hs|  mmult_Pipeline_MEM_LOOP_R_MEM_LOOP_C|  return value|
|ap_start          |   in|    1|  ap_ctrl_hs|  mmult_Pipeline_MEM_LOOP_R_MEM_LOOP_C|  return value|
|ap_done           |  out|    1|  ap_ctrl_hs|  mmult_Pipeline_MEM_LOOP_R_MEM_LOOP_C|  return value|
|ap_idle           |  out|    1|  ap_ctrl_hs|  mmult_Pipeline_MEM_LOOP_R_MEM_LOOP_C|  return value|
|ap_ready          |  out|    1|  ap_ctrl_hs|  mmult_Pipeline_MEM_LOOP_R_MEM_LOOP_C|  return value|
|m_axi_A_AWVALID   |  out|    1|       m_axi|                                     A|       pointer|
|m_axi_A_AWREADY   |   in|    1|       m_axi|                                     A|       pointer|
|m_axi_A_AWADDR    |  out|   64|       m_axi|                                     A|       pointer|
|m_axi_A_AWID      |  out|    1|       m_axi|                                     A|       pointer|
|m_axi_A_AWLEN     |  out|   32|       m_axi|                                     A|       pointer|
|m_axi_A_AWSIZE    |  out|    3|       m_axi|                                     A|       pointer|
|m_axi_A_AWBURST   |  out|    2|       m_axi|                                     A|       pointer|
|m_axi_A_AWLOCK    |  out|    2|       m_axi|                                     A|       pointer|
|m_axi_A_AWCACHE   |  out|    4|       m_axi|                                     A|       pointer|
|m_axi_A_AWPROT    |  out|    3|       m_axi|                                     A|       pointer|
|m_axi_A_AWQOS     |  out|    4|       m_axi|                                     A|       pointer|
|m_axi_A_AWREGION  |  out|    4|       m_axi|                                     A|       pointer|
|m_axi_A_AWUSER    |  out|    1|       m_axi|                                     A|       pointer|
|m_axi_A_WVALID    |  out|    1|       m_axi|                                     A|       pointer|
|m_axi_A_WREADY    |   in|    1|       m_axi|                                     A|       pointer|
|m_axi_A_WDATA     |  out|   32|       m_axi|                                     A|       pointer|
|m_axi_A_WSTRB     |  out|    4|       m_axi|                                     A|       pointer|
|m_axi_A_WLAST     |  out|    1|       m_axi|                                     A|       pointer|
|m_axi_A_WID       |  out|    1|       m_axi|                                     A|       pointer|
|m_axi_A_WUSER     |  out|    1|       m_axi|                                     A|       pointer|
|m_axi_A_ARVALID   |  out|    1|       m_axi|                                     A|       pointer|
|m_axi_A_ARREADY   |   in|    1|       m_axi|                                     A|       pointer|
|m_axi_A_ARADDR    |  out|   64|       m_axi|                                     A|       pointer|
|m_axi_A_ARID      |  out|    1|       m_axi|                                     A|       pointer|
|m_axi_A_ARLEN     |  out|   32|       m_axi|                                     A|       pointer|
|m_axi_A_ARSIZE    |  out|    3|       m_axi|                                     A|       pointer|
|m_axi_A_ARBURST   |  out|    2|       m_axi|                                     A|       pointer|
|m_axi_A_ARLOCK    |  out|    2|       m_axi|                                     A|       pointer|
|m_axi_A_ARCACHE   |  out|    4|       m_axi|                                     A|       pointer|
|m_axi_A_ARPROT    |  out|    3|       m_axi|                                     A|       pointer|
|m_axi_A_ARQOS     |  out|    4|       m_axi|                                     A|       pointer|
|m_axi_A_ARREGION  |  out|    4|       m_axi|                                     A|       pointer|
|m_axi_A_ARUSER    |  out|    1|       m_axi|                                     A|       pointer|
|m_axi_A_RVALID    |   in|    1|       m_axi|                                     A|       pointer|
|m_axi_A_RREADY    |  out|    1|       m_axi|                                     A|       pointer|
|m_axi_A_RDATA     |   in|   32|       m_axi|                                     A|       pointer|
|m_axi_A_RLAST     |   in|    1|       m_axi|                                     A|       pointer|
|m_axi_A_RID       |   in|    1|       m_axi|                                     A|       pointer|
|m_axi_A_RFIFONUM  |   in|    9|       m_axi|                                     A|       pointer|
|m_axi_A_RUSER     |   in|    1|       m_axi|                                     A|       pointer|
|m_axi_A_RRESP     |   in|    2|       m_axi|                                     A|       pointer|
|m_axi_A_BVALID    |   in|    1|       m_axi|                                     A|       pointer|
|m_axi_A_BREADY    |  out|    1|       m_axi|                                     A|       pointer|
|m_axi_A_BRESP     |   in|    2|       m_axi|                                     A|       pointer|
|m_axi_A_BID       |   in|    1|       m_axi|                                     A|       pointer|
|m_axi_A_BUSER     |   in|    1|       m_axi|                                     A|       pointer|
|m_axi_B_AWVALID   |  out|    1|       m_axi|                                     B|       pointer|
|m_axi_B_AWREADY   |   in|    1|       m_axi|                                     B|       pointer|
|m_axi_B_AWADDR    |  out|   64|       m_axi|                                     B|       pointer|
|m_axi_B_AWID      |  out|    1|       m_axi|                                     B|       pointer|
|m_axi_B_AWLEN     |  out|   32|       m_axi|                                     B|       pointer|
|m_axi_B_AWSIZE    |  out|    3|       m_axi|                                     B|       pointer|
|m_axi_B_AWBURST   |  out|    2|       m_axi|                                     B|       pointer|
|m_axi_B_AWLOCK    |  out|    2|       m_axi|                                     B|       pointer|
|m_axi_B_AWCACHE   |  out|    4|       m_axi|                                     B|       pointer|
|m_axi_B_AWPROT    |  out|    3|       m_axi|                                     B|       pointer|
|m_axi_B_AWQOS     |  out|    4|       m_axi|                                     B|       pointer|
|m_axi_B_AWREGION  |  out|    4|       m_axi|                                     B|       pointer|
|m_axi_B_AWUSER    |  out|    1|       m_axi|                                     B|       pointer|
|m_axi_B_WVALID    |  out|    1|       m_axi|                                     B|       pointer|
|m_axi_B_WREADY    |   in|    1|       m_axi|                                     B|       pointer|
|m_axi_B_WDATA     |  out|   32|       m_axi|                                     B|       pointer|
|m_axi_B_WSTRB     |  out|    4|       m_axi|                                     B|       pointer|
|m_axi_B_WLAST     |  out|    1|       m_axi|                                     B|       pointer|
|m_axi_B_WID       |  out|    1|       m_axi|                                     B|       pointer|
|m_axi_B_WUSER     |  out|    1|       m_axi|                                     B|       pointer|
|m_axi_B_ARVALID   |  out|    1|       m_axi|                                     B|       pointer|
|m_axi_B_ARREADY   |   in|    1|       m_axi|                                     B|       pointer|
|m_axi_B_ARADDR    |  out|   64|       m_axi|                                     B|       pointer|
|m_axi_B_ARID      |  out|    1|       m_axi|                                     B|       pointer|
|m_axi_B_ARLEN     |  out|   32|       m_axi|                                     B|       pointer|
|m_axi_B_ARSIZE    |  out|    3|       m_axi|                                     B|       pointer|
|m_axi_B_ARBURST   |  out|    2|       m_axi|                                     B|       pointer|
|m_axi_B_ARLOCK    |  out|    2|       m_axi|                                     B|       pointer|
|m_axi_B_ARCACHE   |  out|    4|       m_axi|                                     B|       pointer|
|m_axi_B_ARPROT    |  out|    3|       m_axi|                                     B|       pointer|
|m_axi_B_ARQOS     |  out|    4|       m_axi|                                     B|       pointer|
|m_axi_B_ARREGION  |  out|    4|       m_axi|                                     B|       pointer|
|m_axi_B_ARUSER    |  out|    1|       m_axi|                                     B|       pointer|
|m_axi_B_RVALID    |   in|    1|       m_axi|                                     B|       pointer|
|m_axi_B_RREADY    |  out|    1|       m_axi|                                     B|       pointer|
|m_axi_B_RDATA     |   in|   32|       m_axi|                                     B|       pointer|
|m_axi_B_RLAST     |   in|    1|       m_axi|                                     B|       pointer|
|m_axi_B_RID       |   in|    1|       m_axi|                                     B|       pointer|
|m_axi_B_RFIFONUM  |   in|    9|       m_axi|                                     B|       pointer|
|m_axi_B_RUSER     |   in|    1|       m_axi|                                     B|       pointer|
|m_axi_B_RRESP     |   in|    2|       m_axi|                                     B|       pointer|
|m_axi_B_BVALID    |   in|    1|       m_axi|                                     B|       pointer|
|m_axi_B_BREADY    |  out|    1|       m_axi|                                     B|       pointer|
|m_axi_B_BRESP     |   in|    2|       m_axi|                                     B|       pointer|
|m_axi_B_BID       |   in|    1|       m_axi|                                     B|       pointer|
|m_axi_B_BUSER     |   in|    1|       m_axi|                                     B|       pointer|
|sext_ln41_1       |   in|   62|     ap_none|                           sext_ln41_1|        scalar|
|sext_ln41         |   in|   62|     ap_none|                             sext_ln41|        scalar|
|Bbuf_address0     |  out|    8|   ap_memory|                                  Bbuf|         array|
|Bbuf_ce0          |  out|    1|   ap_memory|                                  Bbuf|         array|
|Bbuf_we0          |  out|    1|   ap_memory|                                  Bbuf|         array|
|Bbuf_d0           |  out|   32|   ap_memory|                                  Bbuf|         array|
|Bbuf_1_address0   |  out|    8|   ap_memory|                                Bbuf_1|         array|
|Bbuf_1_ce0        |  out|    1|   ap_memory|                                Bbuf_1|         array|
|Bbuf_1_we0        |  out|    1|   ap_memory|                                Bbuf_1|         array|
|Bbuf_1_d0         |  out|   32|   ap_memory|                                Bbuf_1|         array|
|Bbuf_2_address0   |  out|    8|   ap_memory|                                Bbuf_2|         array|
|Bbuf_2_ce0        |  out|    1|   ap_memory|                                Bbuf_2|         array|
|Bbuf_2_we0        |  out|    1|   ap_memory|                                Bbuf_2|         array|
|Bbuf_2_d0         |  out|   32|   ap_memory|                                Bbuf_2|         array|
|Bbuf_3_address0   |  out|    8|   ap_memory|                                Bbuf_3|         array|
|Bbuf_3_ce0        |  out|    1|   ap_memory|                                Bbuf_3|         array|
|Bbuf_3_we0        |  out|    1|   ap_memory|                                Bbuf_3|         array|
|Bbuf_3_d0         |  out|   32|   ap_memory|                                Bbuf_3|         array|
|Bbuf_4_address0   |  out|    8|   ap_memory|                                Bbuf_4|         array|
|Bbuf_4_ce0        |  out|    1|   ap_memory|                                Bbuf_4|         array|
|Bbuf_4_we0        |  out|    1|   ap_memory|                                Bbuf_4|         array|
|Bbuf_4_d0         |  out|   32|   ap_memory|                                Bbuf_4|         array|
|Bbuf_5_address0   |  out|    8|   ap_memory|                                Bbuf_5|         array|
|Bbuf_5_ce0        |  out|    1|   ap_memory|                                Bbuf_5|         array|
|Bbuf_5_we0        |  out|    1|   ap_memory|                                Bbuf_5|         array|
|Bbuf_5_d0         |  out|   32|   ap_memory|                                Bbuf_5|         array|
|Bbuf_6_address0   |  out|    8|   ap_memory|                                Bbuf_6|         array|
|Bbuf_6_ce0        |  out|    1|   ap_memory|                                Bbuf_6|         array|
|Bbuf_6_we0        |  out|    1|   ap_memory|                                Bbuf_6|         array|
|Bbuf_6_d0         |  out|   32|   ap_memory|                                Bbuf_6|         array|
|Bbuf_7_address0   |  out|    8|   ap_memory|                                Bbuf_7|         array|
|Bbuf_7_ce0        |  out|    1|   ap_memory|                                Bbuf_7|         array|
|Bbuf_7_we0        |  out|    1|   ap_memory|                                Bbuf_7|         array|
|Bbuf_7_d0         |  out|   32|   ap_memory|                                Bbuf_7|         array|
|Bbuf_8_address0   |  out|    8|   ap_memory|                                Bbuf_8|         array|
|Bbuf_8_ce0        |  out|    1|   ap_memory|                                Bbuf_8|         array|
|Bbuf_8_we0        |  out|    1|   ap_memory|                                Bbuf_8|         array|
|Bbuf_8_d0         |  out|   32|   ap_memory|                                Bbuf_8|         array|
|Bbuf_9_address0   |  out|    8|   ap_memory|                                Bbuf_9|         array|
|Bbuf_9_ce0        |  out|    1|   ap_memory|                                Bbuf_9|         array|
|Bbuf_9_we0        |  out|    1|   ap_memory|                                Bbuf_9|         array|
|Bbuf_9_d0         |  out|   32|   ap_memory|                                Bbuf_9|         array|
|Bbuf_10_address0  |  out|    8|   ap_memory|                               Bbuf_10|         array|
|Bbuf_10_ce0       |  out|    1|   ap_memory|                               Bbuf_10|         array|
|Bbuf_10_we0       |  out|    1|   ap_memory|                               Bbuf_10|         array|
|Bbuf_10_d0        |  out|   32|   ap_memory|                               Bbuf_10|         array|
|Bbuf_11_address0  |  out|    8|   ap_memory|                               Bbuf_11|         array|
|Bbuf_11_ce0       |  out|    1|   ap_memory|                               Bbuf_11|         array|
|Bbuf_11_we0       |  out|    1|   ap_memory|                               Bbuf_11|         array|
|Bbuf_11_d0        |  out|   32|   ap_memory|                               Bbuf_11|         array|
|Bbuf_12_address0  |  out|    8|   ap_memory|                               Bbuf_12|         array|
|Bbuf_12_ce0       |  out|    1|   ap_memory|                               Bbuf_12|         array|
|Bbuf_12_we0       |  out|    1|   ap_memory|                               Bbuf_12|         array|
|Bbuf_12_d0        |  out|   32|   ap_memory|                               Bbuf_12|         array|
|Bbuf_13_address0  |  out|    8|   ap_memory|                               Bbuf_13|         array|
|Bbuf_13_ce0       |  out|    1|   ap_memory|                               Bbuf_13|         array|
|Bbuf_13_we0       |  out|    1|   ap_memory|                               Bbuf_13|         array|
|Bbuf_13_d0        |  out|   32|   ap_memory|                               Bbuf_13|         array|
|Bbuf_14_address0  |  out|    8|   ap_memory|                               Bbuf_14|         array|
|Bbuf_14_ce0       |  out|    1|   ap_memory|                               Bbuf_14|         array|
|Bbuf_14_we0       |  out|    1|   ap_memory|                               Bbuf_14|         array|
|Bbuf_14_d0        |  out|   32|   ap_memory|                               Bbuf_14|         array|
|Bbuf_15_address0  |  out|    8|   ap_memory|                               Bbuf_15|         array|
|Bbuf_15_ce0       |  out|    1|   ap_memory|                               Bbuf_15|         array|
|Bbuf_15_we0       |  out|    1|   ap_memory|                               Bbuf_15|         array|
|Bbuf_15_d0        |  out|   32|   ap_memory|                               Bbuf_15|         array|
|Bbuf_16_address0  |  out|    8|   ap_memory|                               Bbuf_16|         array|
|Bbuf_16_ce0       |  out|    1|   ap_memory|                               Bbuf_16|         array|
|Bbuf_16_we0       |  out|    1|   ap_memory|                               Bbuf_16|         array|
|Bbuf_16_d0        |  out|   32|   ap_memory|                               Bbuf_16|         array|
|Bbuf_17_address0  |  out|    8|   ap_memory|                               Bbuf_17|         array|
|Bbuf_17_ce0       |  out|    1|   ap_memory|                               Bbuf_17|         array|
|Bbuf_17_we0       |  out|    1|   ap_memory|                               Bbuf_17|         array|
|Bbuf_17_d0        |  out|   32|   ap_memory|                               Bbuf_17|         array|
|Bbuf_18_address0  |  out|    8|   ap_memory|                               Bbuf_18|         array|
|Bbuf_18_ce0       |  out|    1|   ap_memory|                               Bbuf_18|         array|
|Bbuf_18_we0       |  out|    1|   ap_memory|                               Bbuf_18|         array|
|Bbuf_18_d0        |  out|   32|   ap_memory|                               Bbuf_18|         array|
|Bbuf_19_address0  |  out|    8|   ap_memory|                               Bbuf_19|         array|
|Bbuf_19_ce0       |  out|    1|   ap_memory|                               Bbuf_19|         array|
|Bbuf_19_we0       |  out|    1|   ap_memory|                               Bbuf_19|         array|
|Bbuf_19_d0        |  out|   32|   ap_memory|                               Bbuf_19|         array|
|Bbuf_20_address0  |  out|    8|   ap_memory|                               Bbuf_20|         array|
|Bbuf_20_ce0       |  out|    1|   ap_memory|                               Bbuf_20|         array|
|Bbuf_20_we0       |  out|    1|   ap_memory|                               Bbuf_20|         array|
|Bbuf_20_d0        |  out|   32|   ap_memory|                               Bbuf_20|         array|
|Bbuf_21_address0  |  out|    8|   ap_memory|                               Bbuf_21|         array|
|Bbuf_21_ce0       |  out|    1|   ap_memory|                               Bbuf_21|         array|
|Bbuf_21_we0       |  out|    1|   ap_memory|                               Bbuf_21|         array|
|Bbuf_21_d0        |  out|   32|   ap_memory|                               Bbuf_21|         array|
|Bbuf_22_address0  |  out|    8|   ap_memory|                               Bbuf_22|         array|
|Bbuf_22_ce0       |  out|    1|   ap_memory|                               Bbuf_22|         array|
|Bbuf_22_we0       |  out|    1|   ap_memory|                               Bbuf_22|         array|
|Bbuf_22_d0        |  out|   32|   ap_memory|                               Bbuf_22|         array|
|Bbuf_23_address0  |  out|    8|   ap_memory|                               Bbuf_23|         array|
|Bbuf_23_ce0       |  out|    1|   ap_memory|                               Bbuf_23|         array|
|Bbuf_23_we0       |  out|    1|   ap_memory|                               Bbuf_23|         array|
|Bbuf_23_d0        |  out|   32|   ap_memory|                               Bbuf_23|         array|
|Bbuf_24_address0  |  out|    8|   ap_memory|                               Bbuf_24|         array|
|Bbuf_24_ce0       |  out|    1|   ap_memory|                               Bbuf_24|         array|
|Bbuf_24_we0       |  out|    1|   ap_memory|                               Bbuf_24|         array|
|Bbuf_24_d0        |  out|   32|   ap_memory|                               Bbuf_24|         array|
|Bbuf_25_address0  |  out|    8|   ap_memory|                               Bbuf_25|         array|
|Bbuf_25_ce0       |  out|    1|   ap_memory|                               Bbuf_25|         array|
|Bbuf_25_we0       |  out|    1|   ap_memory|                               Bbuf_25|         array|
|Bbuf_25_d0        |  out|   32|   ap_memory|                               Bbuf_25|         array|
|Bbuf_26_address0  |  out|    8|   ap_memory|                               Bbuf_26|         array|
|Bbuf_26_ce0       |  out|    1|   ap_memory|                               Bbuf_26|         array|
|Bbuf_26_we0       |  out|    1|   ap_memory|                               Bbuf_26|         array|
|Bbuf_26_d0        |  out|   32|   ap_memory|                               Bbuf_26|         array|
|Bbuf_27_address0  |  out|    8|   ap_memory|                               Bbuf_27|         array|
|Bbuf_27_ce0       |  out|    1|   ap_memory|                               Bbuf_27|         array|
|Bbuf_27_we0       |  out|    1|   ap_memory|                               Bbuf_27|         array|
|Bbuf_27_d0        |  out|   32|   ap_memory|                               Bbuf_27|         array|
|Bbuf_28_address0  |  out|    8|   ap_memory|                               Bbuf_28|         array|
|Bbuf_28_ce0       |  out|    1|   ap_memory|                               Bbuf_28|         array|
|Bbuf_28_we0       |  out|    1|   ap_memory|                               Bbuf_28|         array|
|Bbuf_28_d0        |  out|   32|   ap_memory|                               Bbuf_28|         array|
|Bbuf_29_address0  |  out|    8|   ap_memory|                               Bbuf_29|         array|
|Bbuf_29_ce0       |  out|    1|   ap_memory|                               Bbuf_29|         array|
|Bbuf_29_we0       |  out|    1|   ap_memory|                               Bbuf_29|         array|
|Bbuf_29_d0        |  out|   32|   ap_memory|                               Bbuf_29|         array|
|Bbuf_30_address0  |  out|    8|   ap_memory|                               Bbuf_30|         array|
|Bbuf_30_ce0       |  out|    1|   ap_memory|                               Bbuf_30|         array|
|Bbuf_30_we0       |  out|    1|   ap_memory|                               Bbuf_30|         array|
|Bbuf_30_d0        |  out|   32|   ap_memory|                               Bbuf_30|         array|
|Bbuf_31_address0  |  out|    8|   ap_memory|                               Bbuf_31|         array|
|Bbuf_31_ce0       |  out|    1|   ap_memory|                               Bbuf_31|         array|
|Bbuf_31_we0       |  out|    1|   ap_memory|                               Bbuf_31|         array|
|Bbuf_31_d0        |  out|   32|   ap_memory|                               Bbuf_31|         array|
|Bbuf_32_address0  |  out|    8|   ap_memory|                               Bbuf_32|         array|
|Bbuf_32_ce0       |  out|    1|   ap_memory|                               Bbuf_32|         array|
|Bbuf_32_we0       |  out|    1|   ap_memory|                               Bbuf_32|         array|
|Bbuf_32_d0        |  out|   32|   ap_memory|                               Bbuf_32|         array|
|Bbuf_33_address0  |  out|    8|   ap_memory|                               Bbuf_33|         array|
|Bbuf_33_ce0       |  out|    1|   ap_memory|                               Bbuf_33|         array|
|Bbuf_33_we0       |  out|    1|   ap_memory|                               Bbuf_33|         array|
|Bbuf_33_d0        |  out|   32|   ap_memory|                               Bbuf_33|         array|
|Bbuf_34_address0  |  out|    8|   ap_memory|                               Bbuf_34|         array|
|Bbuf_34_ce0       |  out|    1|   ap_memory|                               Bbuf_34|         array|
|Bbuf_34_we0       |  out|    1|   ap_memory|                               Bbuf_34|         array|
|Bbuf_34_d0        |  out|   32|   ap_memory|                               Bbuf_34|         array|
|Bbuf_35_address0  |  out|    8|   ap_memory|                               Bbuf_35|         array|
|Bbuf_35_ce0       |  out|    1|   ap_memory|                               Bbuf_35|         array|
|Bbuf_35_we0       |  out|    1|   ap_memory|                               Bbuf_35|         array|
|Bbuf_35_d0        |  out|   32|   ap_memory|                               Bbuf_35|         array|
|Bbuf_36_address0  |  out|    8|   ap_memory|                               Bbuf_36|         array|
|Bbuf_36_ce0       |  out|    1|   ap_memory|                               Bbuf_36|         array|
|Bbuf_36_we0       |  out|    1|   ap_memory|                               Bbuf_36|         array|
|Bbuf_36_d0        |  out|   32|   ap_memory|                               Bbuf_36|         array|
|Bbuf_37_address0  |  out|    8|   ap_memory|                               Bbuf_37|         array|
|Bbuf_37_ce0       |  out|    1|   ap_memory|                               Bbuf_37|         array|
|Bbuf_37_we0       |  out|    1|   ap_memory|                               Bbuf_37|         array|
|Bbuf_37_d0        |  out|   32|   ap_memory|                               Bbuf_37|         array|
|Bbuf_38_address0  |  out|    8|   ap_memory|                               Bbuf_38|         array|
|Bbuf_38_ce0       |  out|    1|   ap_memory|                               Bbuf_38|         array|
|Bbuf_38_we0       |  out|    1|   ap_memory|                               Bbuf_38|         array|
|Bbuf_38_d0        |  out|   32|   ap_memory|                               Bbuf_38|         array|
|Bbuf_39_address0  |  out|    8|   ap_memory|                               Bbuf_39|         array|
|Bbuf_39_ce0       |  out|    1|   ap_memory|                               Bbuf_39|         array|
|Bbuf_39_we0       |  out|    1|   ap_memory|                               Bbuf_39|         array|
|Bbuf_39_d0        |  out|   32|   ap_memory|                               Bbuf_39|         array|
|Bbuf_40_address0  |  out|    8|   ap_memory|                               Bbuf_40|         array|
|Bbuf_40_ce0       |  out|    1|   ap_memory|                               Bbuf_40|         array|
|Bbuf_40_we0       |  out|    1|   ap_memory|                               Bbuf_40|         array|
|Bbuf_40_d0        |  out|   32|   ap_memory|                               Bbuf_40|         array|
|Bbuf_41_address0  |  out|    8|   ap_memory|                               Bbuf_41|         array|
|Bbuf_41_ce0       |  out|    1|   ap_memory|                               Bbuf_41|         array|
|Bbuf_41_we0       |  out|    1|   ap_memory|                               Bbuf_41|         array|
|Bbuf_41_d0        |  out|   32|   ap_memory|                               Bbuf_41|         array|
|Bbuf_42_address0  |  out|    8|   ap_memory|                               Bbuf_42|         array|
|Bbuf_42_ce0       |  out|    1|   ap_memory|                               Bbuf_42|         array|
|Bbuf_42_we0       |  out|    1|   ap_memory|                               Bbuf_42|         array|
|Bbuf_42_d0        |  out|   32|   ap_memory|                               Bbuf_42|         array|
|Bbuf_43_address0  |  out|    8|   ap_memory|                               Bbuf_43|         array|
|Bbuf_43_ce0       |  out|    1|   ap_memory|                               Bbuf_43|         array|
|Bbuf_43_we0       |  out|    1|   ap_memory|                               Bbuf_43|         array|
|Bbuf_43_d0        |  out|   32|   ap_memory|                               Bbuf_43|         array|
|Bbuf_44_address0  |  out|    8|   ap_memory|                               Bbuf_44|         array|
|Bbuf_44_ce0       |  out|    1|   ap_memory|                               Bbuf_44|         array|
|Bbuf_44_we0       |  out|    1|   ap_memory|                               Bbuf_44|         array|
|Bbuf_44_d0        |  out|   32|   ap_memory|                               Bbuf_44|         array|
|Bbuf_45_address0  |  out|    8|   ap_memory|                               Bbuf_45|         array|
|Bbuf_45_ce0       |  out|    1|   ap_memory|                               Bbuf_45|         array|
|Bbuf_45_we0       |  out|    1|   ap_memory|                               Bbuf_45|         array|
|Bbuf_45_d0        |  out|   32|   ap_memory|                               Bbuf_45|         array|
|Bbuf_46_address0  |  out|    8|   ap_memory|                               Bbuf_46|         array|
|Bbuf_46_ce0       |  out|    1|   ap_memory|                               Bbuf_46|         array|
|Bbuf_46_we0       |  out|    1|   ap_memory|                               Bbuf_46|         array|
|Bbuf_46_d0        |  out|   32|   ap_memory|                               Bbuf_46|         array|
|Bbuf_47_address0  |  out|    8|   ap_memory|                               Bbuf_47|         array|
|Bbuf_47_ce0       |  out|    1|   ap_memory|                               Bbuf_47|         array|
|Bbuf_47_we0       |  out|    1|   ap_memory|                               Bbuf_47|         array|
|Bbuf_47_d0        |  out|   32|   ap_memory|                               Bbuf_47|         array|
|Bbuf_48_address0  |  out|    8|   ap_memory|                               Bbuf_48|         array|
|Bbuf_48_ce0       |  out|    1|   ap_memory|                               Bbuf_48|         array|
|Bbuf_48_we0       |  out|    1|   ap_memory|                               Bbuf_48|         array|
|Bbuf_48_d0        |  out|   32|   ap_memory|                               Bbuf_48|         array|
|Bbuf_49_address0  |  out|    8|   ap_memory|                               Bbuf_49|         array|
|Bbuf_49_ce0       |  out|    1|   ap_memory|                               Bbuf_49|         array|
|Bbuf_49_we0       |  out|    1|   ap_memory|                               Bbuf_49|         array|
|Bbuf_49_d0        |  out|   32|   ap_memory|                               Bbuf_49|         array|
|Bbuf_50_address0  |  out|    8|   ap_memory|                               Bbuf_50|         array|
|Bbuf_50_ce0       |  out|    1|   ap_memory|                               Bbuf_50|         array|
|Bbuf_50_we0       |  out|    1|   ap_memory|                               Bbuf_50|         array|
|Bbuf_50_d0        |  out|   32|   ap_memory|                               Bbuf_50|         array|
|Bbuf_51_address0  |  out|    8|   ap_memory|                               Bbuf_51|         array|
|Bbuf_51_ce0       |  out|    1|   ap_memory|                               Bbuf_51|         array|
|Bbuf_51_we0       |  out|    1|   ap_memory|                               Bbuf_51|         array|
|Bbuf_51_d0        |  out|   32|   ap_memory|                               Bbuf_51|         array|
|Bbuf_52_address0  |  out|    8|   ap_memory|                               Bbuf_52|         array|
|Bbuf_52_ce0       |  out|    1|   ap_memory|                               Bbuf_52|         array|
|Bbuf_52_we0       |  out|    1|   ap_memory|                               Bbuf_52|         array|
|Bbuf_52_d0        |  out|   32|   ap_memory|                               Bbuf_52|         array|
|Bbuf_53_address0  |  out|    8|   ap_memory|                               Bbuf_53|         array|
|Bbuf_53_ce0       |  out|    1|   ap_memory|                               Bbuf_53|         array|
|Bbuf_53_we0       |  out|    1|   ap_memory|                               Bbuf_53|         array|
|Bbuf_53_d0        |  out|   32|   ap_memory|                               Bbuf_53|         array|
|Bbuf_54_address0  |  out|    8|   ap_memory|                               Bbuf_54|         array|
|Bbuf_54_ce0       |  out|    1|   ap_memory|                               Bbuf_54|         array|
|Bbuf_54_we0       |  out|    1|   ap_memory|                               Bbuf_54|         array|
|Bbuf_54_d0        |  out|   32|   ap_memory|                               Bbuf_54|         array|
|Bbuf_55_address0  |  out|    8|   ap_memory|                               Bbuf_55|         array|
|Bbuf_55_ce0       |  out|    1|   ap_memory|                               Bbuf_55|         array|
|Bbuf_55_we0       |  out|    1|   ap_memory|                               Bbuf_55|         array|
|Bbuf_55_d0        |  out|   32|   ap_memory|                               Bbuf_55|         array|
|Bbuf_56_address0  |  out|    8|   ap_memory|                               Bbuf_56|         array|
|Bbuf_56_ce0       |  out|    1|   ap_memory|                               Bbuf_56|         array|
|Bbuf_56_we0       |  out|    1|   ap_memory|                               Bbuf_56|         array|
|Bbuf_56_d0        |  out|   32|   ap_memory|                               Bbuf_56|         array|
|Bbuf_57_address0  |  out|    8|   ap_memory|                               Bbuf_57|         array|
|Bbuf_57_ce0       |  out|    1|   ap_memory|                               Bbuf_57|         array|
|Bbuf_57_we0       |  out|    1|   ap_memory|                               Bbuf_57|         array|
|Bbuf_57_d0        |  out|   32|   ap_memory|                               Bbuf_57|         array|
|Bbuf_58_address0  |  out|    8|   ap_memory|                               Bbuf_58|         array|
|Bbuf_58_ce0       |  out|    1|   ap_memory|                               Bbuf_58|         array|
|Bbuf_58_we0       |  out|    1|   ap_memory|                               Bbuf_58|         array|
|Bbuf_58_d0        |  out|   32|   ap_memory|                               Bbuf_58|         array|
|Bbuf_59_address0  |  out|    8|   ap_memory|                               Bbuf_59|         array|
|Bbuf_59_ce0       |  out|    1|   ap_memory|                               Bbuf_59|         array|
|Bbuf_59_we0       |  out|    1|   ap_memory|                               Bbuf_59|         array|
|Bbuf_59_d0        |  out|   32|   ap_memory|                               Bbuf_59|         array|
|Bbuf_60_address0  |  out|    8|   ap_memory|                               Bbuf_60|         array|
|Bbuf_60_ce0       |  out|    1|   ap_memory|                               Bbuf_60|         array|
|Bbuf_60_we0       |  out|    1|   ap_memory|                               Bbuf_60|         array|
|Bbuf_60_d0        |  out|   32|   ap_memory|                               Bbuf_60|         array|
|Bbuf_61_address0  |  out|    8|   ap_memory|                               Bbuf_61|         array|
|Bbuf_61_ce0       |  out|    1|   ap_memory|                               Bbuf_61|         array|
|Bbuf_61_we0       |  out|    1|   ap_memory|                               Bbuf_61|         array|
|Bbuf_61_d0        |  out|   32|   ap_memory|                               Bbuf_61|         array|
|Bbuf_62_address0  |  out|    8|   ap_memory|                               Bbuf_62|         array|
|Bbuf_62_ce0       |  out|    1|   ap_memory|                               Bbuf_62|         array|
|Bbuf_62_we0       |  out|    1|   ap_memory|                               Bbuf_62|         array|
|Bbuf_62_d0        |  out|   32|   ap_memory|                               Bbuf_62|         array|
|Bbuf_63_address0  |  out|    8|   ap_memory|                               Bbuf_63|         array|
|Bbuf_63_ce0       |  out|    1|   ap_memory|                               Bbuf_63|         array|
|Bbuf_63_we0       |  out|    1|   ap_memory|                               Bbuf_63|         array|
|Bbuf_63_d0        |  out|   32|   ap_memory|                               Bbuf_63|         array|
|Abuf_address0     |  out|    8|   ap_memory|                                  Abuf|         array|
|Abuf_ce0          |  out|    1|   ap_memory|                                  Abuf|         array|
|Abuf_we0          |  out|    1|   ap_memory|                                  Abuf|         array|
|Abuf_d0           |  out|   32|   ap_memory|                                  Abuf|         array|
|Abuf_1_address0   |  out|    8|   ap_memory|                                Abuf_1|         array|
|Abuf_1_ce0        |  out|    1|   ap_memory|                                Abuf_1|         array|
|Abuf_1_we0        |  out|    1|   ap_memory|                                Abuf_1|         array|
|Abuf_1_d0         |  out|   32|   ap_memory|                                Abuf_1|         array|
|Abuf_2_address0   |  out|    8|   ap_memory|                                Abuf_2|         array|
|Abuf_2_ce0        |  out|    1|   ap_memory|                                Abuf_2|         array|
|Abuf_2_we0        |  out|    1|   ap_memory|                                Abuf_2|         array|
|Abuf_2_d0         |  out|   32|   ap_memory|                                Abuf_2|         array|
|Abuf_3_address0   |  out|    8|   ap_memory|                                Abuf_3|         array|
|Abuf_3_ce0        |  out|    1|   ap_memory|                                Abuf_3|         array|
|Abuf_3_we0        |  out|    1|   ap_memory|                                Abuf_3|         array|
|Abuf_3_d0         |  out|   32|   ap_memory|                                Abuf_3|         array|
|Abuf_4_address0   |  out|    8|   ap_memory|                                Abuf_4|         array|
|Abuf_4_ce0        |  out|    1|   ap_memory|                                Abuf_4|         array|
|Abuf_4_we0        |  out|    1|   ap_memory|                                Abuf_4|         array|
|Abuf_4_d0         |  out|   32|   ap_memory|                                Abuf_4|         array|
|Abuf_5_address0   |  out|    8|   ap_memory|                                Abuf_5|         array|
|Abuf_5_ce0        |  out|    1|   ap_memory|                                Abuf_5|         array|
|Abuf_5_we0        |  out|    1|   ap_memory|                                Abuf_5|         array|
|Abuf_5_d0         |  out|   32|   ap_memory|                                Abuf_5|         array|
|Abuf_6_address0   |  out|    8|   ap_memory|                                Abuf_6|         array|
|Abuf_6_ce0        |  out|    1|   ap_memory|                                Abuf_6|         array|
|Abuf_6_we0        |  out|    1|   ap_memory|                                Abuf_6|         array|
|Abuf_6_d0         |  out|   32|   ap_memory|                                Abuf_6|         array|
|Abuf_7_address0   |  out|    8|   ap_memory|                                Abuf_7|         array|
|Abuf_7_ce0        |  out|    1|   ap_memory|                                Abuf_7|         array|
|Abuf_7_we0        |  out|    1|   ap_memory|                                Abuf_7|         array|
|Abuf_7_d0         |  out|   32|   ap_memory|                                Abuf_7|         array|
|Abuf_8_address0   |  out|    8|   ap_memory|                                Abuf_8|         array|
|Abuf_8_ce0        |  out|    1|   ap_memory|                                Abuf_8|         array|
|Abuf_8_we0        |  out|    1|   ap_memory|                                Abuf_8|         array|
|Abuf_8_d0         |  out|   32|   ap_memory|                                Abuf_8|         array|
|Abuf_9_address0   |  out|    8|   ap_memory|                                Abuf_9|         array|
|Abuf_9_ce0        |  out|    1|   ap_memory|                                Abuf_9|         array|
|Abuf_9_we0        |  out|    1|   ap_memory|                                Abuf_9|         array|
|Abuf_9_d0         |  out|   32|   ap_memory|                                Abuf_9|         array|
|Abuf_10_address0  |  out|    8|   ap_memory|                               Abuf_10|         array|
|Abuf_10_ce0       |  out|    1|   ap_memory|                               Abuf_10|         array|
|Abuf_10_we0       |  out|    1|   ap_memory|                               Abuf_10|         array|
|Abuf_10_d0        |  out|   32|   ap_memory|                               Abuf_10|         array|
|Abuf_11_address0  |  out|    8|   ap_memory|                               Abuf_11|         array|
|Abuf_11_ce0       |  out|    1|   ap_memory|                               Abuf_11|         array|
|Abuf_11_we0       |  out|    1|   ap_memory|                               Abuf_11|         array|
|Abuf_11_d0        |  out|   32|   ap_memory|                               Abuf_11|         array|
|Abuf_12_address0  |  out|    8|   ap_memory|                               Abuf_12|         array|
|Abuf_12_ce0       |  out|    1|   ap_memory|                               Abuf_12|         array|
|Abuf_12_we0       |  out|    1|   ap_memory|                               Abuf_12|         array|
|Abuf_12_d0        |  out|   32|   ap_memory|                               Abuf_12|         array|
|Abuf_13_address0  |  out|    8|   ap_memory|                               Abuf_13|         array|
|Abuf_13_ce0       |  out|    1|   ap_memory|                               Abuf_13|         array|
|Abuf_13_we0       |  out|    1|   ap_memory|                               Abuf_13|         array|
|Abuf_13_d0        |  out|   32|   ap_memory|                               Abuf_13|         array|
|Abuf_14_address0  |  out|    8|   ap_memory|                               Abuf_14|         array|
|Abuf_14_ce0       |  out|    1|   ap_memory|                               Abuf_14|         array|
|Abuf_14_we0       |  out|    1|   ap_memory|                               Abuf_14|         array|
|Abuf_14_d0        |  out|   32|   ap_memory|                               Abuf_14|         array|
|Abuf_15_address0  |  out|    8|   ap_memory|                               Abuf_15|         array|
|Abuf_15_ce0       |  out|    1|   ap_memory|                               Abuf_15|         array|
|Abuf_15_we0       |  out|    1|   ap_memory|                               Abuf_15|         array|
|Abuf_15_d0        |  out|   32|   ap_memory|                               Abuf_15|         array|
|Abuf_16_address0  |  out|    8|   ap_memory|                               Abuf_16|         array|
|Abuf_16_ce0       |  out|    1|   ap_memory|                               Abuf_16|         array|
|Abuf_16_we0       |  out|    1|   ap_memory|                               Abuf_16|         array|
|Abuf_16_d0        |  out|   32|   ap_memory|                               Abuf_16|         array|
|Abuf_17_address0  |  out|    8|   ap_memory|                               Abuf_17|         array|
|Abuf_17_ce0       |  out|    1|   ap_memory|                               Abuf_17|         array|
|Abuf_17_we0       |  out|    1|   ap_memory|                               Abuf_17|         array|
|Abuf_17_d0        |  out|   32|   ap_memory|                               Abuf_17|         array|
|Abuf_18_address0  |  out|    8|   ap_memory|                               Abuf_18|         array|
|Abuf_18_ce0       |  out|    1|   ap_memory|                               Abuf_18|         array|
|Abuf_18_we0       |  out|    1|   ap_memory|                               Abuf_18|         array|
|Abuf_18_d0        |  out|   32|   ap_memory|                               Abuf_18|         array|
|Abuf_19_address0  |  out|    8|   ap_memory|                               Abuf_19|         array|
|Abuf_19_ce0       |  out|    1|   ap_memory|                               Abuf_19|         array|
|Abuf_19_we0       |  out|    1|   ap_memory|                               Abuf_19|         array|
|Abuf_19_d0        |  out|   32|   ap_memory|                               Abuf_19|         array|
|Abuf_20_address0  |  out|    8|   ap_memory|                               Abuf_20|         array|
|Abuf_20_ce0       |  out|    1|   ap_memory|                               Abuf_20|         array|
|Abuf_20_we0       |  out|    1|   ap_memory|                               Abuf_20|         array|
|Abuf_20_d0        |  out|   32|   ap_memory|                               Abuf_20|         array|
|Abuf_21_address0  |  out|    8|   ap_memory|                               Abuf_21|         array|
|Abuf_21_ce0       |  out|    1|   ap_memory|                               Abuf_21|         array|
|Abuf_21_we0       |  out|    1|   ap_memory|                               Abuf_21|         array|
|Abuf_21_d0        |  out|   32|   ap_memory|                               Abuf_21|         array|
|Abuf_22_address0  |  out|    8|   ap_memory|                               Abuf_22|         array|
|Abuf_22_ce0       |  out|    1|   ap_memory|                               Abuf_22|         array|
|Abuf_22_we0       |  out|    1|   ap_memory|                               Abuf_22|         array|
|Abuf_22_d0        |  out|   32|   ap_memory|                               Abuf_22|         array|
|Abuf_23_address0  |  out|    8|   ap_memory|                               Abuf_23|         array|
|Abuf_23_ce0       |  out|    1|   ap_memory|                               Abuf_23|         array|
|Abuf_23_we0       |  out|    1|   ap_memory|                               Abuf_23|         array|
|Abuf_23_d0        |  out|   32|   ap_memory|                               Abuf_23|         array|
|Abuf_24_address0  |  out|    8|   ap_memory|                               Abuf_24|         array|
|Abuf_24_ce0       |  out|    1|   ap_memory|                               Abuf_24|         array|
|Abuf_24_we0       |  out|    1|   ap_memory|                               Abuf_24|         array|
|Abuf_24_d0        |  out|   32|   ap_memory|                               Abuf_24|         array|
|Abuf_25_address0  |  out|    8|   ap_memory|                               Abuf_25|         array|
|Abuf_25_ce0       |  out|    1|   ap_memory|                               Abuf_25|         array|
|Abuf_25_we0       |  out|    1|   ap_memory|                               Abuf_25|         array|
|Abuf_25_d0        |  out|   32|   ap_memory|                               Abuf_25|         array|
|Abuf_26_address0  |  out|    8|   ap_memory|                               Abuf_26|         array|
|Abuf_26_ce0       |  out|    1|   ap_memory|                               Abuf_26|         array|
|Abuf_26_we0       |  out|    1|   ap_memory|                               Abuf_26|         array|
|Abuf_26_d0        |  out|   32|   ap_memory|                               Abuf_26|         array|
|Abuf_27_address0  |  out|    8|   ap_memory|                               Abuf_27|         array|
|Abuf_27_ce0       |  out|    1|   ap_memory|                               Abuf_27|         array|
|Abuf_27_we0       |  out|    1|   ap_memory|                               Abuf_27|         array|
|Abuf_27_d0        |  out|   32|   ap_memory|                               Abuf_27|         array|
|Abuf_28_address0  |  out|    8|   ap_memory|                               Abuf_28|         array|
|Abuf_28_ce0       |  out|    1|   ap_memory|                               Abuf_28|         array|
|Abuf_28_we0       |  out|    1|   ap_memory|                               Abuf_28|         array|
|Abuf_28_d0        |  out|   32|   ap_memory|                               Abuf_28|         array|
|Abuf_29_address0  |  out|    8|   ap_memory|                               Abuf_29|         array|
|Abuf_29_ce0       |  out|    1|   ap_memory|                               Abuf_29|         array|
|Abuf_29_we0       |  out|    1|   ap_memory|                               Abuf_29|         array|
|Abuf_29_d0        |  out|   32|   ap_memory|                               Abuf_29|         array|
|Abuf_30_address0  |  out|    8|   ap_memory|                               Abuf_30|         array|
|Abuf_30_ce0       |  out|    1|   ap_memory|                               Abuf_30|         array|
|Abuf_30_we0       |  out|    1|   ap_memory|                               Abuf_30|         array|
|Abuf_30_d0        |  out|   32|   ap_memory|                               Abuf_30|         array|
|Abuf_31_address0  |  out|    8|   ap_memory|                               Abuf_31|         array|
|Abuf_31_ce0       |  out|    1|   ap_memory|                               Abuf_31|         array|
|Abuf_31_we0       |  out|    1|   ap_memory|                               Abuf_31|         array|
|Abuf_31_d0        |  out|   32|   ap_memory|                               Abuf_31|         array|
|Abuf_32_address0  |  out|    8|   ap_memory|                               Abuf_32|         array|
|Abuf_32_ce0       |  out|    1|   ap_memory|                               Abuf_32|         array|
|Abuf_32_we0       |  out|    1|   ap_memory|                               Abuf_32|         array|
|Abuf_32_d0        |  out|   32|   ap_memory|                               Abuf_32|         array|
|Abuf_33_address0  |  out|    8|   ap_memory|                               Abuf_33|         array|
|Abuf_33_ce0       |  out|    1|   ap_memory|                               Abuf_33|         array|
|Abuf_33_we0       |  out|    1|   ap_memory|                               Abuf_33|         array|
|Abuf_33_d0        |  out|   32|   ap_memory|                               Abuf_33|         array|
|Abuf_34_address0  |  out|    8|   ap_memory|                               Abuf_34|         array|
|Abuf_34_ce0       |  out|    1|   ap_memory|                               Abuf_34|         array|
|Abuf_34_we0       |  out|    1|   ap_memory|                               Abuf_34|         array|
|Abuf_34_d0        |  out|   32|   ap_memory|                               Abuf_34|         array|
|Abuf_35_address0  |  out|    8|   ap_memory|                               Abuf_35|         array|
|Abuf_35_ce0       |  out|    1|   ap_memory|                               Abuf_35|         array|
|Abuf_35_we0       |  out|    1|   ap_memory|                               Abuf_35|         array|
|Abuf_35_d0        |  out|   32|   ap_memory|                               Abuf_35|         array|
|Abuf_36_address0  |  out|    8|   ap_memory|                               Abuf_36|         array|
|Abuf_36_ce0       |  out|    1|   ap_memory|                               Abuf_36|         array|
|Abuf_36_we0       |  out|    1|   ap_memory|                               Abuf_36|         array|
|Abuf_36_d0        |  out|   32|   ap_memory|                               Abuf_36|         array|
|Abuf_37_address0  |  out|    8|   ap_memory|                               Abuf_37|         array|
|Abuf_37_ce0       |  out|    1|   ap_memory|                               Abuf_37|         array|
|Abuf_37_we0       |  out|    1|   ap_memory|                               Abuf_37|         array|
|Abuf_37_d0        |  out|   32|   ap_memory|                               Abuf_37|         array|
|Abuf_38_address0  |  out|    8|   ap_memory|                               Abuf_38|         array|
|Abuf_38_ce0       |  out|    1|   ap_memory|                               Abuf_38|         array|
|Abuf_38_we0       |  out|    1|   ap_memory|                               Abuf_38|         array|
|Abuf_38_d0        |  out|   32|   ap_memory|                               Abuf_38|         array|
|Abuf_39_address0  |  out|    8|   ap_memory|                               Abuf_39|         array|
|Abuf_39_ce0       |  out|    1|   ap_memory|                               Abuf_39|         array|
|Abuf_39_we0       |  out|    1|   ap_memory|                               Abuf_39|         array|
|Abuf_39_d0        |  out|   32|   ap_memory|                               Abuf_39|         array|
|Abuf_40_address0  |  out|    8|   ap_memory|                               Abuf_40|         array|
|Abuf_40_ce0       |  out|    1|   ap_memory|                               Abuf_40|         array|
|Abuf_40_we0       |  out|    1|   ap_memory|                               Abuf_40|         array|
|Abuf_40_d0        |  out|   32|   ap_memory|                               Abuf_40|         array|
|Abuf_41_address0  |  out|    8|   ap_memory|                               Abuf_41|         array|
|Abuf_41_ce0       |  out|    1|   ap_memory|                               Abuf_41|         array|
|Abuf_41_we0       |  out|    1|   ap_memory|                               Abuf_41|         array|
|Abuf_41_d0        |  out|   32|   ap_memory|                               Abuf_41|         array|
|Abuf_42_address0  |  out|    8|   ap_memory|                               Abuf_42|         array|
|Abuf_42_ce0       |  out|    1|   ap_memory|                               Abuf_42|         array|
|Abuf_42_we0       |  out|    1|   ap_memory|                               Abuf_42|         array|
|Abuf_42_d0        |  out|   32|   ap_memory|                               Abuf_42|         array|
|Abuf_43_address0  |  out|    8|   ap_memory|                               Abuf_43|         array|
|Abuf_43_ce0       |  out|    1|   ap_memory|                               Abuf_43|         array|
|Abuf_43_we0       |  out|    1|   ap_memory|                               Abuf_43|         array|
|Abuf_43_d0        |  out|   32|   ap_memory|                               Abuf_43|         array|
|Abuf_44_address0  |  out|    8|   ap_memory|                               Abuf_44|         array|
|Abuf_44_ce0       |  out|    1|   ap_memory|                               Abuf_44|         array|
|Abuf_44_we0       |  out|    1|   ap_memory|                               Abuf_44|         array|
|Abuf_44_d0        |  out|   32|   ap_memory|                               Abuf_44|         array|
|Abuf_45_address0  |  out|    8|   ap_memory|                               Abuf_45|         array|
|Abuf_45_ce0       |  out|    1|   ap_memory|                               Abuf_45|         array|
|Abuf_45_we0       |  out|    1|   ap_memory|                               Abuf_45|         array|
|Abuf_45_d0        |  out|   32|   ap_memory|                               Abuf_45|         array|
|Abuf_46_address0  |  out|    8|   ap_memory|                               Abuf_46|         array|
|Abuf_46_ce0       |  out|    1|   ap_memory|                               Abuf_46|         array|
|Abuf_46_we0       |  out|    1|   ap_memory|                               Abuf_46|         array|
|Abuf_46_d0        |  out|   32|   ap_memory|                               Abuf_46|         array|
|Abuf_47_address0  |  out|    8|   ap_memory|                               Abuf_47|         array|
|Abuf_47_ce0       |  out|    1|   ap_memory|                               Abuf_47|         array|
|Abuf_47_we0       |  out|    1|   ap_memory|                               Abuf_47|         array|
|Abuf_47_d0        |  out|   32|   ap_memory|                               Abuf_47|         array|
|Abuf_48_address0  |  out|    8|   ap_memory|                               Abuf_48|         array|
|Abuf_48_ce0       |  out|    1|   ap_memory|                               Abuf_48|         array|
|Abuf_48_we0       |  out|    1|   ap_memory|                               Abuf_48|         array|
|Abuf_48_d0        |  out|   32|   ap_memory|                               Abuf_48|         array|
|Abuf_49_address0  |  out|    8|   ap_memory|                               Abuf_49|         array|
|Abuf_49_ce0       |  out|    1|   ap_memory|                               Abuf_49|         array|
|Abuf_49_we0       |  out|    1|   ap_memory|                               Abuf_49|         array|
|Abuf_49_d0        |  out|   32|   ap_memory|                               Abuf_49|         array|
|Abuf_50_address0  |  out|    8|   ap_memory|                               Abuf_50|         array|
|Abuf_50_ce0       |  out|    1|   ap_memory|                               Abuf_50|         array|
|Abuf_50_we0       |  out|    1|   ap_memory|                               Abuf_50|         array|
|Abuf_50_d0        |  out|   32|   ap_memory|                               Abuf_50|         array|
|Abuf_51_address0  |  out|    8|   ap_memory|                               Abuf_51|         array|
|Abuf_51_ce0       |  out|    1|   ap_memory|                               Abuf_51|         array|
|Abuf_51_we0       |  out|    1|   ap_memory|                               Abuf_51|         array|
|Abuf_51_d0        |  out|   32|   ap_memory|                               Abuf_51|         array|
|Abuf_52_address0  |  out|    8|   ap_memory|                               Abuf_52|         array|
|Abuf_52_ce0       |  out|    1|   ap_memory|                               Abuf_52|         array|
|Abuf_52_we0       |  out|    1|   ap_memory|                               Abuf_52|         array|
|Abuf_52_d0        |  out|   32|   ap_memory|                               Abuf_52|         array|
|Abuf_53_address0  |  out|    8|   ap_memory|                               Abuf_53|         array|
|Abuf_53_ce0       |  out|    1|   ap_memory|                               Abuf_53|         array|
|Abuf_53_we0       |  out|    1|   ap_memory|                               Abuf_53|         array|
|Abuf_53_d0        |  out|   32|   ap_memory|                               Abuf_53|         array|
|Abuf_54_address0  |  out|    8|   ap_memory|                               Abuf_54|         array|
|Abuf_54_ce0       |  out|    1|   ap_memory|                               Abuf_54|         array|
|Abuf_54_we0       |  out|    1|   ap_memory|                               Abuf_54|         array|
|Abuf_54_d0        |  out|   32|   ap_memory|                               Abuf_54|         array|
|Abuf_55_address0  |  out|    8|   ap_memory|                               Abuf_55|         array|
|Abuf_55_ce0       |  out|    1|   ap_memory|                               Abuf_55|         array|
|Abuf_55_we0       |  out|    1|   ap_memory|                               Abuf_55|         array|
|Abuf_55_d0        |  out|   32|   ap_memory|                               Abuf_55|         array|
|Abuf_56_address0  |  out|    8|   ap_memory|                               Abuf_56|         array|
|Abuf_56_ce0       |  out|    1|   ap_memory|                               Abuf_56|         array|
|Abuf_56_we0       |  out|    1|   ap_memory|                               Abuf_56|         array|
|Abuf_56_d0        |  out|   32|   ap_memory|                               Abuf_56|         array|
|Abuf_57_address0  |  out|    8|   ap_memory|                               Abuf_57|         array|
|Abuf_57_ce0       |  out|    1|   ap_memory|                               Abuf_57|         array|
|Abuf_57_we0       |  out|    1|   ap_memory|                               Abuf_57|         array|
|Abuf_57_d0        |  out|   32|   ap_memory|                               Abuf_57|         array|
|Abuf_58_address0  |  out|    8|   ap_memory|                               Abuf_58|         array|
|Abuf_58_ce0       |  out|    1|   ap_memory|                               Abuf_58|         array|
|Abuf_58_we0       |  out|    1|   ap_memory|                               Abuf_58|         array|
|Abuf_58_d0        |  out|   32|   ap_memory|                               Abuf_58|         array|
|Abuf_59_address0  |  out|    8|   ap_memory|                               Abuf_59|         array|
|Abuf_59_ce0       |  out|    1|   ap_memory|                               Abuf_59|         array|
|Abuf_59_we0       |  out|    1|   ap_memory|                               Abuf_59|         array|
|Abuf_59_d0        |  out|   32|   ap_memory|                               Abuf_59|         array|
|Abuf_60_address0  |  out|    8|   ap_memory|                               Abuf_60|         array|
|Abuf_60_ce0       |  out|    1|   ap_memory|                               Abuf_60|         array|
|Abuf_60_we0       |  out|    1|   ap_memory|                               Abuf_60|         array|
|Abuf_60_d0        |  out|   32|   ap_memory|                               Abuf_60|         array|
|Abuf_61_address0  |  out|    8|   ap_memory|                               Abuf_61|         array|
|Abuf_61_ce0       |  out|    1|   ap_memory|                               Abuf_61|         array|
|Abuf_61_we0       |  out|    1|   ap_memory|                               Abuf_61|         array|
|Abuf_61_d0        |  out|   32|   ap_memory|                               Abuf_61|         array|
|Abuf_62_address0  |  out|    8|   ap_memory|                               Abuf_62|         array|
|Abuf_62_ce0       |  out|    1|   ap_memory|                               Abuf_62|         array|
|Abuf_62_we0       |  out|    1|   ap_memory|                               Abuf_62|         array|
|Abuf_62_d0        |  out|   32|   ap_memory|                               Abuf_62|         array|
|Abuf_63_address0  |  out|    8|   ap_memory|                               Abuf_63|         array|
|Abuf_63_ce0       |  out|    1|   ap_memory|                               Abuf_63|         array|
|Abuf_63_we0       |  out|    1|   ap_memory|                               Abuf_63|         array|
|Abuf_63_d0        |  out|   32|   ap_memory|                               Abuf_63|         array|
+------------------+-----+-----+------------+--------------------------------------+--------------+

