

================================================================
== Vitis HLS Report for 'mmult'
================================================================
* Date:           Mon May  6 20:55:40 2024

* Version:        2023.2 (Build 4023990 on Oct 11 2023)
* Project:        block_mult
* Solution:       sol_blk_mult (Vivado IP Flow Target)
* Product family: zynq
* Target device:  xc7z020i-clg400-1L


================================================================
== Performance Estimates
================================================================
+ Timing: 
    * Summary: 
    +--------+----------+----------+------------+
    |  Clock |  Target  | Estimated| Uncertainty|
    +--------+----------+----------+------------+
    |ap_clk  |  10.00 ns|  8.254 ns|     2.70 ns|
    +--------+----------+----------+------------+

+ Latency: 
    * Summary: 
    +---------+---------+-----------+-----------+---------+---------+---------+
    |  Latency (cycles) |   Latency (absolute)  |      Interval     | Pipeline|
    |   min   |   max   |    min    |    max    |   min   |   max   |   Type  |
    +---------+---------+-----------+-----------+---------+---------+---------+
    |  3309587|  3309587|  33.096 ms|  33.096 ms|  3309588|  3309588|       no|
    +---------+---------+-----------+-----------+---------+---------+---------+

    + Detail: 
        * Instance: 
        +--------------------------------------------------+--------------------------------------+---------+---------+----------+----------+-------+-------+---------+
        |                                                  |                                      |  Latency (cycles) |  Latency (absolute) |    Interval   | Pipeline|
        |                     Instance                     |                Module                |   min   |   max   |    min   |    max   |  min  |  max  |   Type  |
        +--------------------------------------------------+--------------------------------------+---------+---------+----------+----------+-------+-------+---------+
        |grp_mmult_Pipeline_MEM_LOOP_R_MEM_LOOP_C_fu_3669  |mmult_Pipeline_MEM_LOOP_R_MEM_LOOP_C  |    16387|    16387|  0.164 ms|  0.164 ms|  16387|  16387|       no|
        |grp_mmult_Pipeline_BREAK_fu_3807                  |mmult_Pipeline_BREAK                  |      170|      170|  1.700 us|  1.700 us|    170|    170|       no|
        +--------------------------------------------------+--------------------------------------+---------+---------+----------+----------+-------+-------+---------+

        * Loop: 
        +-------------------+---------+---------+----------+-----------+-----------+-------+----------+
        |                   |  Latency (cycles) | Iteration|  Initiation Interval  |  Trip |          |
        |     Loop Name     |   min   |   max   |  Latency |  achieved |   target  | Count | Pipelined|
        +-------------------+---------+---------+----------+-----------+-----------+-------+----------+
        |- MUL_ROW_MUL_COL  |  3293184|  3293184|       201|          -|          -|  16384|        no|
        | + RESULT          |       24|       24|         6|          -|          -|      4|        no|
        +-------------------+---------+---------+----------+-----------+-----------+-------+----------+



================================================================
== Utilization Estimates
================================================================
* Summary: 
+-----------------+---------+-----+--------+-------+-----+
|       Name      | BRAM_18K| DSP |   FF   |  LUT  | URAM|
+-----------------+---------+-----+--------+-------+-----+
|DSP              |        -|    -|       -|      -|    -|
|Expression       |        -|    -|       0|    576|    -|
|FIFO             |        -|    -|       -|      -|    -|
|Instance         |       12|  160|   18837|  28260|    -|
|Memory           |      256|    -|       0|      0|    0|
|Multiplexer      |        -|    -|       -|   5095|    -|
|Register         |        -|    -|    8671|      -|    -|
+-----------------+---------+-----+--------+-------+-----+
|Total            |      268|  160|   27508|  33931|    0|
+-----------------+---------+-----+--------+-------+-----+
|Available        |      280|  220|  106400|  53200|    0|
+-----------------+---------+-----+--------+-------+-----+
|Utilization (%)  |       95|   72|      25|     63|    0|
+-----------------+---------+-----+--------+-------+-----+

+ Detail: 
    * Instance: 
    +--------------------------------------------------+--------------------------------------+---------+-----+-------+-------+-----+
    |                     Instance                     |                Module                | BRAM_18K| DSP |   FF  |  LUT  | URAM|
    +--------------------------------------------------+--------------------------------------+---------+-----+-------+-------+-----+
    |A_m_axi_U                                         |A_m_axi                               |        4|    0|    830|    734|    0|
    |B_m_axi_U                                         |B_m_axi                               |        4|    0|    830|    734|    0|
    |C_m_axi_U                                         |C_m_axi                               |        4|    0|    830|    734|    0|
    |control_s_axi_U                                   |control_s_axi                         |        0|    0|    246|    424|    0|
    |fadd_32ns_32ns_32_5_full_dsp_1_U522               |fadd_32ns_32ns_32_5_full_dsp_1        |        0|    2|    205|    390|    0|
    |grp_mmult_Pipeline_BREAK_fu_3807                  |mmult_Pipeline_BREAK                  |        0|  158|  15686|  25039|    0|
    |grp_mmult_Pipeline_MEM_LOOP_R_MEM_LOOP_C_fu_3669  |mmult_Pipeline_MEM_LOOP_R_MEM_LOOP_C  |        0|    0|    210|    205|    0|
    +--------------------------------------------------+--------------------------------------+---------+-----+-------+-------+-----+
    |Total                                             |                                      |       12|  160|  18837|  28260|    0|
    +--------------------------------------------------+--------------------------------------+---------+-----+-------+-------+-----+

    * DSP: 
    N/A

    * Memory: 
    +-----------+--------------------+---------+---+----+-----+------+-----+------+-------------+
    |   Memory  |       Module       | BRAM_18K| FF| LUT| URAM| Words| Bits| Banks| W*Bits*Banks|
    +-----------+--------------------+---------+---+----+-----+------+-----+------+-------------+
    |Abuf_U     |Abuf_RAM_AUTO_1R1W  |        2|  0|   0|    0|   256|   32|     1|         8192|
    |Abuf_1_U   |Abuf_RAM_AUTO_1R1W  |        2|  0|   0|    0|   256|   32|     1|         8192|
    |Abuf_2_U   |Abuf_RAM_AUTO_1R1W  |        2|  0|   0|    0|   256|   32|     1|         8192|
    |Abuf_3_U   |Abuf_RAM_AUTO_1R1W  |        2|  0|   0|    0|   256|   32|     1|         8192|
    |Abuf_4_U   |Abuf_RAM_AUTO_1R1W  |        2|  0|   0|    0|   256|   32|     1|         8192|
    |Abuf_5_U   |Abuf_RAM_AUTO_1R1W  |        2|  0|   0|    0|   256|   32|     1|         8192|
    |Abuf_6_U   |Abuf_RAM_AUTO_1R1W  |        2|  0|   0|    0|   256|   32|     1|         8192|
    |Abuf_7_U   |Abuf_RAM_AUTO_1R1W  |        2|  0|   0|    0|   256|   32|     1|         8192|
    |Abuf_8_U   |Abuf_RAM_AUTO_1R1W  |        2|  0|   0|    0|   256|   32|     1|         8192|
    |Abuf_9_U   |Abuf_RAM_AUTO_1R1W  |        2|  0|   0|    0|   256|   32|     1|         8192|
    |Abuf_10_U  |Abuf_RAM_AUTO_1R1W  |        2|  0|   0|    0|   256|   32|     1|         8192|
    |Abuf_11_U  |Abuf_RAM_AUTO_1R1W  |        2|  0|   0|    0|   256|   32|     1|         8192|
    |Abuf_12_U  |Abuf_RAM_AUTO_1R1W  |        2|  0|   0|    0|   256|   32|     1|         8192|
    |Abuf_13_U  |Abuf_RAM_AUTO_1R1W  |        2|  0|   0|    0|   256|   32|     1|         8192|
    |Abuf_14_U  |Abuf_RAM_AUTO_1R1W  |        2|  0|   0|    0|   256|   32|     1|         8192|
    |Abuf_15_U  |Abuf_RAM_AUTO_1R1W  |        2|  0|   0|    0|   256|   32|     1|         8192|
    |Abuf_16_U  |Abuf_RAM_AUTO_1R1W  |        2|  0|   0|    0|   256|   32|     1|         8192|
    |Abuf_17_U  |Abuf_RAM_AUTO_1R1W  |        2|  0|   0|    0|   256|   32|     1|         8192|
    |Abuf_18_U  |Abuf_RAM_AUTO_1R1W  |        2|  0|   0|    0|   256|   32|     1|         8192|
    |Abuf_19_U  |Abuf_RAM_AUTO_1R1W  |        2|  0|   0|    0|   256|   32|     1|         8192|
    |Abuf_20_U  |Abuf_RAM_AUTO_1R1W  |        2|  0|   0|    0|   256|   32|     1|         8192|
    |Abuf_21_U  |Abuf_RAM_AUTO_1R1W  |        2|  0|   0|    0|   256|   32|     1|         8192|
    |Abuf_22_U  |Abuf_RAM_AUTO_1R1W  |        2|  0|   0|    0|   256|   32|     1|         8192|
    |Abuf_23_U  |Abuf_RAM_AUTO_1R1W  |        2|  0|   0|    0|   256|   32|     1|         8192|
    |Abuf_24_U  |Abuf_RAM_AUTO_1R1W  |        2|  0|   0|    0|   256|   32|     1|         8192|
    |Abuf_25_U  |Abuf_RAM_AUTO_1R1W  |        2|  0|   0|    0|   256|   32|     1|         8192|
    |Abuf_26_U  |Abuf_RAM_AUTO_1R1W  |        2|  0|   0|    0|   256|   32|     1|         8192|
    |Abuf_27_U  |Abuf_RAM_AUTO_1R1W  |        2|  0|   0|    0|   256|   32|     1|         8192|
    |Abuf_28_U  |Abuf_RAM_AUTO_1R1W  |        2|  0|   0|    0|   256|   32|     1|         8192|
    |Abuf_29_U  |Abuf_RAM_AUTO_1R1W  |        2|  0|   0|    0|   256|   32|     1|         8192|
    |Abuf_30_U  |Abuf_RAM_AUTO_1R1W  |        2|  0|   0|    0|   256|   32|     1|         8192|
    |Abuf_31_U  |Abuf_RAM_AUTO_1R1W  |        2|  0|   0|    0|   256|   32|     1|         8192|
    |Abuf_32_U  |Abuf_RAM_AUTO_1R1W  |        2|  0|   0|    0|   256|   32|     1|         8192|
    |Abuf_33_U  |Abuf_RAM_AUTO_1R1W  |        2|  0|   0|    0|   256|   32|     1|         8192|
    |Abuf_34_U  |Abuf_RAM_AUTO_1R1W  |        2|  0|   0|    0|   256|   32|     1|         8192|
    |Abuf_35_U  |Abuf_RAM_AUTO_1R1W  |        2|  0|   0|    0|   256|   32|     1|         8192|
    |Abuf_36_U  |Abuf_RAM_AUTO_1R1W  |        2|  0|   0|    0|   256|   32|     1|         8192|
    |Abuf_37_U  |Abuf_RAM_AUTO_1R1W  |        2|  0|   0|    0|   256|   32|     1|         8192|
    |Abuf_38_U  |Abuf_RAM_AUTO_1R1W  |        2|  0|   0|    0|   256|   32|     1|         8192|
    |Abuf_39_U  |Abuf_RAM_AUTO_1R1W  |        2|  0|   0|    0|   256|   32|     1|         8192|
    |Abuf_40_U  |Abuf_RAM_AUTO_1R1W  |        2|  0|   0|    0|   256|   32|     1|         8192|
    |Abuf_41_U  |Abuf_RAM_AUTO_1R1W  |        2|  0|   0|    0|   256|   32|     1|         8192|
    |Abuf_42_U  |Abuf_RAM_AUTO_1R1W  |        2|  0|   0|    0|   256|   32|     1|         8192|
    |Abuf_43_U  |Abuf_RAM_AUTO_1R1W  |        2|  0|   0|    0|   256|   32|     1|         8192|
    |Abuf_44_U  |Abuf_RAM_AUTO_1R1W  |        2|  0|   0|    0|   256|   32|     1|         8192|
    |Abuf_45_U  |Abuf_RAM_AUTO_1R1W  |        2|  0|   0|    0|   256|   32|     1|         8192|
    |Abuf_46_U  |Abuf_RAM_AUTO_1R1W  |        2|  0|   0|    0|   256|   32|     1|         8192|
    |Abuf_47_U  |Abuf_RAM_AUTO_1R1W  |        2|  0|   0|    0|   256|   32|     1|         8192|
    |Abuf_48_U  |Abuf_RAM_AUTO_1R1W  |        2|  0|   0|    0|   256|   32|     1|         8192|
    |Abuf_49_U  |Abuf_RAM_AUTO_1R1W  |        2|  0|   0|    0|   256|   32|     1|         8192|
    |Abuf_50_U  |Abuf_RAM_AUTO_1R1W  |        2|  0|   0|    0|   256|   32|     1|         8192|
    |Abuf_51_U  |Abuf_RAM_AUTO_1R1W  |        2|  0|   0|    0|   256|   32|     1|         8192|
    |Abuf_52_U  |Abuf_RAM_AUTO_1R1W  |        2|  0|   0|    0|   256|   32|     1|         8192|
    |Abuf_53_U  |Abuf_RAM_AUTO_1R1W  |        2|  0|   0|    0|   256|   32|     1|         8192|
    |Abuf_54_U  |Abuf_RAM_AUTO_1R1W  |        2|  0|   0|    0|   256|   32|     1|         8192|
    |Abuf_55_U  |Abuf_RAM_AUTO_1R1W  |        2|  0|   0|    0|   256|   32|     1|         8192|
    |Abuf_56_U  |Abuf_RAM_AUTO_1R1W  |        2|  0|   0|    0|   256|   32|     1|         8192|
    |Abuf_57_U  |Abuf_RAM_AUTO_1R1W  |        2|  0|   0|    0|   256|   32|     1|         8192|
    |Abuf_58_U  |Abuf_RAM_AUTO_1R1W  |        2|  0|   0|    0|   256|   32|     1|         8192|
    |Abuf_59_U  |Abuf_RAM_AUTO_1R1W  |        2|  0|   0|    0|   256|   32|     1|         8192|
    |Abuf_60_U  |Abuf_RAM_AUTO_1R1W  |        2|  0|   0|    0|   256|   32|     1|         8192|
    |Abuf_61_U  |Abuf_RAM_AUTO_1R1W  |        2|  0|   0|    0|   256|   32|     1|         8192|
    |Abuf_62_U  |Abuf_RAM_AUTO_1R1W  |        2|  0|   0|    0|   256|   32|     1|         8192|
    |Abuf_63_U  |Abuf_RAM_AUTO_1R1W  |        2|  0|   0|    0|   256|   32|     1|         8192|
    |Bbuf_U     |Abuf_RAM_AUTO_1R1W  |        2|  0|   0|    0|   256|   32|     1|         8192|
    |Bbuf_1_U   |Abuf_RAM_AUTO_1R1W  |        2|  0|   0|    0|   256|   32|     1|         8192|
    |Bbuf_2_U   |Abuf_RAM_AUTO_1R1W  |        2|  0|   0|    0|   256|   32|     1|         8192|
    |Bbuf_3_U   |Abuf_RAM_AUTO_1R1W  |        2|  0|   0|    0|   256|   32|     1|         8192|
    |Bbuf_4_U   |Abuf_RAM_AUTO_1R1W  |        2|  0|   0|    0|   256|   32|     1|         8192|
    |Bbuf_5_U   |Abuf_RAM_AUTO_1R1W  |        2|  0|   0|    0|   256|   32|     1|         8192|
    |Bbuf_6_U   |Abuf_RAM_AUTO_1R1W  |        2|  0|   0|    0|   256|   32|     1|         8192|
    |Bbuf_7_U   |Abuf_RAM_AUTO_1R1W  |        2|  0|   0|    0|   256|   32|     1|         8192|
    |Bbuf_8_U   |Abuf_RAM_AUTO_1R1W  |        2|  0|   0|    0|   256|   32|     1|         8192|
    |Bbuf_9_U   |Abuf_RAM_AUTO_1R1W  |        2|  0|   0|    0|   256|   32|     1|         8192|
    |Bbuf_10_U  |Abuf_RAM_AUTO_1R1W  |        2|  0|   0|    0|   256|   32|     1|         8192|
    |Bbuf_11_U  |Abuf_RAM_AUTO_1R1W  |        2|  0|   0|    0|   256|   32|     1|         8192|
    |Bbuf_12_U  |Abuf_RAM_AUTO_1R1W  |        2|  0|   0|    0|   256|   32|     1|         8192|
    |Bbuf_13_U  |Abuf_RAM_AUTO_1R1W  |        2|  0|   0|    0|   256|   32|     1|         8192|
    |Bbuf_14_U  |Abuf_RAM_AUTO_1R1W  |        2|  0|   0|    0|   256|   32|     1|         8192|
    |Bbuf_15_U  |Abuf_RAM_AUTO_1R1W  |        2|  0|   0|    0|   256|   32|     1|         8192|
    |Bbuf_16_U  |Abuf_RAM_AUTO_1R1W  |        2|  0|   0|    0|   256|   32|     1|         8192|
    |Bbuf_17_U  |Abuf_RAM_AUTO_1R1W  |        2|  0|   0|    0|   256|   32|     1|         8192|
    |Bbuf_18_U  |Abuf_RAM_AUTO_1R1W  |        2|  0|   0|    0|   256|   32|     1|         8192|
    |Bbuf_19_U  |Abuf_RAM_AUTO_1R1W  |        2|  0|   0|    0|   256|   32|     1|         8192|
    |Bbuf_20_U  |Abuf_RAM_AUTO_1R1W  |        2|  0|   0|    0|   256|   32|     1|         8192|
    |Bbuf_21_U  |Abuf_RAM_AUTO_1R1W  |        2|  0|   0|    0|   256|   32|     1|         8192|
    |Bbuf_22_U  |Abuf_RAM_AUTO_1R1W  |        2|  0|   0|    0|   256|   32|     1|         8192|
    |Bbuf_23_U  |Abuf_RAM_AUTO_1R1W  |        2|  0|   0|    0|   256|   32|     1|         8192|
    |Bbuf_24_U  |Abuf_RAM_AUTO_1R1W  |        2|  0|   0|    0|   256|   32|     1|         8192|
    |Bbuf_25_U  |Abuf_RAM_AUTO_1R1W  |        2|  0|   0|    0|   256|   32|     1|         8192|
    |Bbuf_26_U  |Abuf_RAM_AUTO_1R1W  |        2|  0|   0|    0|   256|   32|     1|         8192|
    |Bbuf_27_U  |Abuf_RAM_AUTO_1R1W  |        2|  0|   0|    0|   256|   32|     1|         8192|
    |Bbuf_28_U  |Abuf_RAM_AUTO_1R1W  |        2|  0|   0|    0|   256|   32|     1|         8192|
    |Bbuf_29_U  |Abuf_RAM_AUTO_1R1W  |        2|  0|   0|    0|   256|   32|     1|         8192|
    |Bbuf_30_U  |Abuf_RAM_AUTO_1R1W  |        2|  0|   0|    0|   256|   32|     1|         8192|
    |Bbuf_31_U  |Abuf_RAM_AUTO_1R1W  |        2|  0|   0|    0|   256|   32|     1|         8192|
    |Bbuf_32_U  |Abuf_RAM_AUTO_1R1W  |        2|  0|   0|    0|   256|   32|     1|         8192|
    |Bbuf_33_U  |Abuf_RAM_AUTO_1R1W  |        2|  0|   0|    0|   256|   32|     1|         8192|
    |Bbuf_34_U  |Abuf_RAM_AUTO_1R1W  |        2|  0|   0|    0|   256|   32|     1|         8192|
    |Bbuf_35_U  |Abuf_RAM_AUTO_1R1W  |        2|  0|   0|    0|   256|   32|     1|         8192|
    |Bbuf_36_U  |Abuf_RAM_AUTO_1R1W  |        2|  0|   0|    0|   256|   32|     1|         8192|
    |Bbuf_37_U  |Abuf_RAM_AUTO_1R1W  |        2|  0|   0|    0|   256|   32|     1|         8192|
    |Bbuf_38_U  |Abuf_RAM_AUTO_1R1W  |        2|  0|   0|    0|   256|   32|     1|         8192|
    |Bbuf_39_U  |Abuf_RAM_AUTO_1R1W  |        2|  0|   0|    0|   256|   32|     1|         8192|
    |Bbuf_40_U  |Abuf_RAM_AUTO_1R1W  |        2|  0|   0|    0|   256|   32|     1|         8192|
    |Bbuf_41_U  |Abuf_RAM_AUTO_1R1W  |        2|  0|   0|    0|   256|   32|     1|         8192|
    |Bbuf_42_U  |Abuf_RAM_AUTO_1R1W  |        2|  0|   0|    0|   256|   32|     1|         8192|
    |Bbuf_43_U  |Abuf_RAM_AUTO_1R1W  |        2|  0|   0|    0|   256|   32|     1|         8192|
    |Bbuf_44_U  |Abuf_RAM_AUTO_1R1W  |        2|  0|   0|    0|   256|   32|     1|         8192|
    |Bbuf_45_U  |Abuf_RAM_AUTO_1R1W  |        2|  0|   0|    0|   256|   32|     1|         8192|
    |Bbuf_46_U  |Abuf_RAM_AUTO_1R1W  |        2|  0|   0|    0|   256|   32|     1|         8192|
    |Bbuf_47_U  |Abuf_RAM_AUTO_1R1W  |        2|  0|   0|    0|   256|   32|     1|         8192|
    |Bbuf_48_U  |Abuf_RAM_AUTO_1R1W  |        2|  0|   0|    0|   256|   32|     1|         8192|
    |Bbuf_49_U  |Abuf_RAM_AUTO_1R1W  |        2|  0|   0|    0|   256|   32|     1|         8192|
    |Bbuf_50_U  |Abuf_RAM_AUTO_1R1W  |        2|  0|   0|    0|   256|   32|     1|         8192|
    |Bbuf_51_U  |Abuf_RAM_AUTO_1R1W  |        2|  0|   0|    0|   256|   32|     1|         8192|
    |Bbuf_52_U  |Abuf_RAM_AUTO_1R1W  |        2|  0|   0|    0|   256|   32|     1|         8192|
    |Bbuf_53_U  |Abuf_RAM_AUTO_1R1W  |        2|  0|   0|    0|   256|   32|     1|         8192|
    |Bbuf_54_U  |Abuf_RAM_AUTO_1R1W  |        2|  0|   0|    0|   256|   32|     1|         8192|
    |Bbuf_55_U  |Abuf_RAM_AUTO_1R1W  |        2|  0|   0|    0|   256|   32|     1|         8192|
    |Bbuf_56_U  |Abuf_RAM_AUTO_1R1W  |        2|  0|   0|    0|   256|   32|     1|         8192|
    |Bbuf_57_U  |Abuf_RAM_AUTO_1R1W  |        2|  0|   0|    0|   256|   32|     1|         8192|
    |Bbuf_58_U  |Abuf_RAM_AUTO_1R1W  |        2|  0|   0|    0|   256|   32|     1|         8192|
    |Bbuf_59_U  |Abuf_RAM_AUTO_1R1W  |        2|  0|   0|    0|   256|   32|     1|         8192|
    |Bbuf_60_U  |Abuf_RAM_AUTO_1R1W  |        2|  0|   0|    0|   256|   32|     1|         8192|
    |Bbuf_61_U  |Abuf_RAM_AUTO_1R1W  |        2|  0|   0|    0|   256|   32|     1|         8192|
    |Bbuf_62_U  |Abuf_RAM_AUTO_1R1W  |        2|  0|   0|    0|   256|   32|     1|         8192|
    |Bbuf_63_U  |Abuf_RAM_AUTO_1R1W  |        2|  0|   0|    0|   256|   32|     1|         8192|
    +-----------+--------------------+---------+---+----+-----+------+-----+------+-------------+
    |Total      |                    |      256|  0|   0|    0| 32768| 4096|   128|      1048576|
    +-----------+--------------------+---------+---+----+-----+------+-----+------+-------------+

    * FIFO: 
    N/A

    * Expression: 
    +--------------------------+----------+----+---+-----+------------+------------+
    |       Variable Name      | Operation| DSP| FF| LUT | Bitwidth P0| Bitwidth P1|
    +--------------------------+----------+----+---+-----+------------+------------+
    |add_ln49_1_fu_4414_p2     |         +|   0|  0|   20|          15|           1|
    |add_ln49_fu_4432_p2       |         +|   0|  0|   15|           8|           1|
    |add_ln50_fu_4802_p2       |         +|   0|  0|   15|           8|           1|
    |add_ln62_fu_4771_p2       |         +|   0|  0|   11|           3|           1|
    |icmp_ln49_fu_4408_p2      |      icmp|   0|  0|   23|          15|          16|
    |icmp_ln50_fu_4423_p2      |      icmp|   0|  0|   14|           8|           9|
    |icmp_ln62_fu_4765_p2      |      icmp|   0|  0|   13|           3|           4|
    |lshr_ln63_fu_4793_p2      |      lshr|   0|  0|  423|         128|         128|
    |ap_block_state2_io        |        or|   0|  0|    2|           1|           1|
    |or_ln49_fu_4535_p2        |        or|   0|  0|    8|           8|           1|
    |select_ln49_2_fu_4452_p3  |    select|   0|  0|    7|           1|           7|
    |select_ln49_3_fu_4609_p3  |    select|   0|  0|    8|           1|           8|
    |select_ln49_fu_4438_p3    |    select|   0|  0|    8|           1|           1|
    |empty_24_fu_4684_p2       |       xor|   0|  0|    9|           8|           9|
    +--------------------------+----------+----+---+-----+------------+------------+
    |Total                     |          |   0|  0|  576|         208|         188|
    +--------------------------+----------+----+---+-----+------------+------------+

    * Multiplexer: 
    +--------------------------+-----+-----------+-----+-----------+
    |           Name           | LUT | Input Size| Bits| Total Bits|
    +--------------------------+-----+-----------+-----+-----------+
    |A_ARADDR                  |   14|          3|   64|        192|
    |A_ARLEN                   |   14|          3|   32|         96|
    |A_ARVALID                 |   14|          3|    1|          3|
    |A_RREADY                  |    9|          2|    1|          2|
    |A_blk_n_AR                |    9|          2|    1|          2|
    |Abuf_10_address0          |   14|          3|    8|         24|
    |Abuf_10_ce0               |   14|          3|    1|          3|
    |Abuf_10_we0               |    9|          2|    1|          2|
    |Abuf_11_address0          |   14|          3|    8|         24|
    |Abuf_11_ce0               |   14|          3|    1|          3|
    |Abuf_11_we0               |    9|          2|    1|          2|
    |Abuf_12_address0          |   14|          3|    8|         24|
    |Abuf_12_ce0               |   14|          3|    1|          3|
    |Abuf_12_we0               |    9|          2|    1|          2|
    |Abuf_13_address0          |   14|          3|    8|         24|
    |Abuf_13_ce0               |   14|          3|    1|          3|
    |Abuf_13_we0               |    9|          2|    1|          2|
    |Abuf_14_address0          |   14|          3|    8|         24|
    |Abuf_14_ce0               |   14|          3|    1|          3|
    |Abuf_14_we0               |    9|          2|    1|          2|
    |Abuf_15_address0          |   14|          3|    8|         24|
    |Abuf_15_ce0               |   14|          3|    1|          3|
    |Abuf_15_we0               |    9|          2|    1|          2|
    |Abuf_16_address0          |   14|          3|    8|         24|
    |Abuf_16_ce0               |   14|          3|    1|          3|
    |Abuf_16_we0               |    9|          2|    1|          2|
    |Abuf_17_address0          |   14|          3|    8|         24|
    |Abuf_17_ce0               |   14|          3|    1|          3|
    |Abuf_17_we0               |    9|          2|    1|          2|
    |Abuf_18_address0          |   14|          3|    8|         24|
    |Abuf_18_ce0               |   14|          3|    1|          3|
    |Abuf_18_we0               |    9|          2|    1|          2|
    |Abuf_19_address0          |   14|          3|    8|         24|
    |Abuf_19_ce0               |   14|          3|    1|          3|
    |Abuf_19_we0               |    9|          2|    1|          2|
    |Abuf_1_address0           |   14|          3|    8|         24|
    |Abuf_1_ce0                |   14|          3|    1|          3|
    |Abuf_1_we0                |    9|          2|    1|          2|
    |Abuf_20_address0          |   14|          3|    8|         24|
    |Abuf_20_ce0               |   14|          3|    1|          3|
    |Abuf_20_we0               |    9|          2|    1|          2|
    |Abuf_21_address0          |   14|          3|    8|         24|
    |Abuf_21_ce0               |   14|          3|    1|          3|
    |Abuf_21_we0               |    9|          2|    1|          2|
    |Abuf_22_address0          |   14|          3|    8|         24|
    |Abuf_22_ce0               |   14|          3|    1|          3|
    |Abuf_22_we0               |    9|          2|    1|          2|
    |Abuf_23_address0          |   14|          3|    8|         24|
    |Abuf_23_ce0               |   14|          3|    1|          3|
    |Abuf_23_we0               |    9|          2|    1|          2|
    |Abuf_24_address0          |   14|          3|    8|         24|
    |Abuf_24_ce0               |   14|          3|    1|          3|
    |Abuf_24_we0               |    9|          2|    1|          2|
    |Abuf_25_address0          |   14|          3|    8|         24|
    |Abuf_25_ce0               |   14|          3|    1|          3|
    |Abuf_25_we0               |    9|          2|    1|          2|
    |Abuf_26_address0          |   14|          3|    8|         24|
    |Abuf_26_ce0               |   14|          3|    1|          3|
    |Abuf_26_we0               |    9|          2|    1|          2|
    |Abuf_27_address0          |   14|          3|    8|         24|
    |Abuf_27_ce0               |   14|          3|    1|          3|
    |Abuf_27_we0               |    9|          2|    1|          2|
    |Abuf_28_address0          |   14|          3|    8|         24|
    |Abuf_28_ce0               |   14|          3|    1|          3|
    |Abuf_28_we0               |    9|          2|    1|          2|
    |Abuf_29_address0          |   14|          3|    8|         24|
    |Abuf_29_ce0               |   14|          3|    1|          3|
    |Abuf_29_we0               |    9|          2|    1|          2|
    |Abuf_2_address0           |   14|          3|    8|         24|
    |Abuf_2_ce0                |   14|          3|    1|          3|
    |Abuf_2_we0                |    9|          2|    1|          2|
    |Abuf_30_address0          |   14|          3|    8|         24|
    |Abuf_30_ce0               |   14|          3|    1|          3|
    |Abuf_30_we0               |    9|          2|    1|          2|
    |Abuf_31_address0          |   14|          3|    8|         24|
    |Abuf_31_ce0               |   14|          3|    1|          3|
    |Abuf_31_we0               |    9|          2|    1|          2|
    |Abuf_32_address0          |   14|          3|    8|         24|
    |Abuf_32_ce0               |   14|          3|    1|          3|
    |Abuf_32_we0               |    9|          2|    1|          2|
    |Abuf_33_address0          |   14|          3|    8|         24|
    |Abuf_33_ce0               |   14|          3|    1|          3|
    |Abuf_33_we0               |    9|          2|    1|          2|
    |Abuf_34_address0          |   14|          3|    8|         24|
    |Abuf_34_ce0               |   14|          3|    1|          3|
    |Abuf_34_we0               |    9|          2|    1|          2|
    |Abuf_35_address0          |   14|          3|    8|         24|
    |Abuf_35_ce0               |   14|          3|    1|          3|
    |Abuf_35_we0               |    9|          2|    1|          2|
    |Abuf_36_address0          |   14|          3|    8|         24|
    |Abuf_36_ce0               |   14|          3|    1|          3|
    |Abuf_36_we0               |    9|          2|    1|          2|
    |Abuf_37_address0          |   14|          3|    8|         24|
    |Abuf_37_ce0               |   14|          3|    1|          3|
    |Abuf_37_we0               |    9|          2|    1|          2|
    |Abuf_38_address0          |   14|          3|    8|         24|
    |Abuf_38_ce0               |   14|          3|    1|          3|
    |Abuf_38_we0               |    9|          2|    1|          2|
    |Abuf_39_address0          |   14|          3|    8|         24|
    |Abuf_39_ce0               |   14|          3|    1|          3|
    |Abuf_39_we0               |    9|          2|    1|          2|
    |Abuf_3_address0           |   14|          3|    8|         24|
    |Abuf_3_ce0                |   14|          3|    1|          3|
    |Abuf_3_we0                |    9|          2|    1|          2|
    |Abuf_40_address0          |   14|          3|    8|         24|
    |Abuf_40_ce0               |   14|          3|    1|          3|
    |Abuf_40_we0               |    9|          2|    1|          2|
    |Abuf_41_address0          |   14|          3|    8|         24|
    |Abuf_41_ce0               |   14|          3|    1|          3|
    |Abuf_41_we0               |    9|          2|    1|          2|
    |Abuf_42_address0          |   14|          3|    8|         24|
    |Abuf_42_ce0               |   14|          3|    1|          3|
    |Abuf_42_we0               |    9|          2|    1|          2|
    |Abuf_43_address0          |   14|          3|    8|         24|
    |Abuf_43_ce0               |   14|          3|    1|          3|
    |Abuf_43_we0               |    9|          2|    1|          2|
    |Abuf_44_address0          |   14|          3|    8|         24|
    |Abuf_44_ce0               |   14|          3|    1|          3|
    |Abuf_44_we0               |    9|          2|    1|          2|
    |Abuf_45_address0          |   14|          3|    8|         24|
    |Abuf_45_ce0               |   14|          3|    1|          3|
    |Abuf_45_we0               |    9|          2|    1|          2|
    |Abuf_46_address0          |   14|          3|    8|         24|
    |Abuf_46_ce0               |   14|          3|    1|          3|
    |Abuf_46_we0               |    9|          2|    1|          2|
    |Abuf_47_address0          |   14|          3|    8|         24|
    |Abuf_47_ce0               |   14|          3|    1|          3|
    |Abuf_47_we0               |    9|          2|    1|          2|
    |Abuf_48_address0          |   14|          3|    8|         24|
    |Abuf_48_ce0               |   14|          3|    1|          3|
    |Abuf_48_we0               |    9|          2|    1|          2|
    |Abuf_49_address0          |   14|          3|    8|         24|
    |Abuf_49_ce0               |   14|          3|    1|          3|
    |Abuf_49_we0               |    9|          2|    1|          2|
    |Abuf_4_address0           |   14|          3|    8|         24|
    |Abuf_4_ce0                |   14|          3|    1|          3|
    |Abuf_4_we0                |    9|          2|    1|          2|
    |Abuf_50_address0          |   14|          3|    8|         24|
    |Abuf_50_ce0               |   14|          3|    1|          3|
    |Abuf_50_we0               |    9|          2|    1|          2|
    |Abuf_51_address0          |   14|          3|    8|         24|
    |Abuf_51_ce0               |   14|          3|    1|          3|
    |Abuf_51_we0               |    9|          2|    1|          2|
    |Abuf_52_address0          |   14|          3|    8|         24|
    |Abuf_52_ce0               |   14|          3|    1|          3|
    |Abuf_52_we0               |    9|          2|    1|          2|
    |Abuf_53_address0          |   14|          3|    8|         24|
    |Abuf_53_ce0               |   14|          3|    1|          3|
    |Abuf_53_we0               |    9|          2|    1|          2|
    |Abuf_54_address0          |   14|          3|    8|         24|
    |Abuf_54_ce0               |   14|          3|    1|          3|
    |Abuf_54_we0               |    9|          2|    1|          2|
    |Abuf_55_address0          |   14|          3|    8|         24|
    |Abuf_55_ce0               |   14|          3|    1|          3|
    |Abuf_55_we0               |    9|          2|    1|          2|
    |Abuf_56_address0          |   14|          3|    8|         24|
    |Abuf_56_ce0               |   14|          3|    1|          3|
    |Abuf_56_we0               |    9|          2|    1|          2|
    |Abuf_57_address0          |   14|          3|    8|         24|
    |Abuf_57_ce0               |   14|          3|    1|          3|
    |Abuf_57_we0               |    9|          2|    1|          2|
    |Abuf_58_address0          |   14|          3|    8|         24|
    |Abuf_58_ce0               |   14|          3|    1|          3|
    |Abuf_58_we0               |    9|          2|    1|          2|
    |Abuf_59_address0          |   14|          3|    8|         24|
    |Abuf_59_ce0               |   14|          3|    1|          3|
    |Abuf_59_we0               |    9|          2|    1|          2|
    |Abuf_5_address0           |   14|          3|    8|         24|
    |Abuf_5_ce0                |   14|          3|    1|          3|
    |Abuf_5_we0                |    9|          2|    1|          2|
    |Abuf_60_address0          |   14|          3|    8|         24|
    |Abuf_60_ce0               |   14|          3|    1|          3|
    |Abuf_60_we0               |    9|          2|    1|          2|
    |Abuf_61_address0          |   14|          3|    8|         24|
    |Abuf_61_ce0               |   14|          3|    1|          3|
    |Abuf_61_we0               |    9|          2|    1|          2|
    |Abuf_62_address0          |   14|          3|    8|         24|
    |Abuf_62_ce0               |   14|          3|    1|          3|
    |Abuf_62_we0               |    9|          2|    1|          2|
    |Abuf_63_address0          |   14|          3|    8|         24|
    |Abuf_63_ce0               |   14|          3|    1|          3|
    |Abuf_63_we0               |    9|          2|    1|          2|
    |Abuf_6_address0           |   14|          3|    8|         24|
    |Abuf_6_ce0                |   14|          3|    1|          3|
    |Abuf_6_we0                |    9|          2|    1|          2|
    |Abuf_7_address0           |   14|          3|    8|         24|
    |Abuf_7_ce0                |   14|          3|    1|          3|
    |Abuf_7_we0                |    9|          2|    1|          2|
    |Abuf_8_address0           |   14|          3|    8|         24|
    |Abuf_8_ce0                |   14|          3|    1|          3|
    |Abuf_8_we0                |    9|          2|    1|          2|
    |Abuf_9_address0           |   14|          3|    8|         24|
    |Abuf_9_ce0                |   14|          3|    1|          3|
    |Abuf_9_we0                |    9|          2|    1|          2|
    |Abuf_address0             |   14|          3|    8|         24|
    |Abuf_ce0                  |   14|          3|    1|          3|
    |Abuf_we0                  |    9|          2|    1|          2|
    |B_ARADDR                  |   14|          3|   64|        192|
    |B_ARLEN                   |   14|          3|   32|         96|
    |B_ARVALID                 |   14|          3|    1|          3|
    |B_RREADY                  |    9|          2|    1|          2|
    |B_blk_n_AR                |    9|          2|    1|          2|
    |Bbuf_10_address0          |   14|          3|    8|         24|
    |Bbuf_10_ce0               |   14|          3|    1|          3|
    |Bbuf_10_we0               |    9|          2|    1|          2|
    |Bbuf_11_address0          |   14|          3|    8|         24|
    |Bbuf_11_ce0               |   14|          3|    1|          3|
    |Bbuf_11_we0               |    9|          2|    1|          2|
    |Bbuf_12_address0          |   14|          3|    8|         24|
    |Bbuf_12_ce0               |   14|          3|    1|          3|
    |Bbuf_12_we0               |    9|          2|    1|          2|
    |Bbuf_13_address0          |   14|          3|    8|         24|
    |Bbuf_13_ce0               |   14|          3|    1|          3|
    |Bbuf_13_we0               |    9|          2|    1|          2|
    |Bbuf_14_address0          |   14|          3|    8|         24|
    |Bbuf_14_ce0               |   14|          3|    1|          3|
    |Bbuf_14_we0               |    9|          2|    1|          2|
    |Bbuf_15_address0          |   14|          3|    8|         24|
    |Bbuf_15_ce0               |   14|          3|    1|          3|
    |Bbuf_15_we0               |    9|          2|    1|          2|
    |Bbuf_16_address0          |   14|          3|    8|         24|
    |Bbuf_16_ce0               |   14|          3|    1|          3|
    |Bbuf_16_we0               |    9|          2|    1|          2|
    |Bbuf_17_address0          |   14|          3|    8|         24|
    |Bbuf_17_ce0               |   14|          3|    1|          3|
    |Bbuf_17_we0               |    9|          2|    1|          2|
    |Bbuf_18_address0          |   14|          3|    8|         24|
    |Bbuf_18_ce0               |   14|          3|    1|          3|
    |Bbuf_18_we0               |    9|          2|    1|          2|
    |Bbuf_19_address0          |   14|          3|    8|         24|
    |Bbuf_19_ce0               |   14|          3|    1|          3|
    |Bbuf_19_we0               |    9|          2|    1|          2|
    |Bbuf_1_address0           |   14|          3|    8|         24|
    |Bbuf_1_ce0                |   14|          3|    1|          3|
    |Bbuf_1_we0                |    9|          2|    1|          2|
    |Bbuf_20_address0          |   14|          3|    8|         24|
    |Bbuf_20_ce0               |   14|          3|    1|          3|
    |Bbuf_20_we0               |    9|          2|    1|          2|
    |Bbuf_21_address0          |   14|          3|    8|         24|
    |Bbuf_21_ce0               |   14|          3|    1|          3|
    |Bbuf_21_we0               |    9|          2|    1|          2|
    |Bbuf_22_address0          |   14|          3|    8|         24|
    |Bbuf_22_ce0               |   14|          3|    1|          3|
    |Bbuf_22_we0               |    9|          2|    1|          2|
    |Bbuf_23_address0          |   14|          3|    8|         24|
    |Bbuf_23_ce0               |   14|          3|    1|          3|
    |Bbuf_23_we0               |    9|          2|    1|          2|
    |Bbuf_24_address0          |   14|          3|    8|         24|
    |Bbuf_24_ce0               |   14|          3|    1|          3|
    |Bbuf_24_we0               |    9|          2|    1|          2|
    |Bbuf_25_address0          |   14|          3|    8|         24|
    |Bbuf_25_ce0               |   14|          3|    1|          3|
    |Bbuf_25_we0               |    9|          2|    1|          2|
    |Bbuf_26_address0          |   14|          3|    8|         24|
    |Bbuf_26_ce0               |   14|          3|    1|          3|
    |Bbuf_26_we0               |    9|          2|    1|          2|
    |Bbuf_27_address0          |   14|          3|    8|         24|
    |Bbuf_27_ce0               |   14|          3|    1|          3|
    |Bbuf_27_we0               |    9|          2|    1|          2|
    |Bbuf_28_address0          |   14|          3|    8|         24|
    |Bbuf_28_ce0               |   14|          3|    1|          3|
    |Bbuf_28_we0               |    9|          2|    1|          2|
    |Bbuf_29_address0          |   14|          3|    8|         24|
    |Bbuf_29_ce0               |   14|          3|    1|          3|
    |Bbuf_29_we0               |    9|          2|    1|          2|
    |Bbuf_2_address0           |   14|          3|    8|         24|
    |Bbuf_2_ce0                |   14|          3|    1|          3|
    |Bbuf_2_we0                |    9|          2|    1|          2|
    |Bbuf_30_address0          |   14|          3|    8|         24|
    |Bbuf_30_ce0               |   14|          3|    1|          3|
    |Bbuf_30_we0               |    9|          2|    1|          2|
    |Bbuf_31_address0          |   14|          3|    8|         24|
    |Bbuf_31_ce0               |   14|          3|    1|          3|
    |Bbuf_31_we0               |    9|          2|    1|          2|
    |Bbuf_32_address0          |   14|          3|    8|         24|
    |Bbuf_32_ce0               |   14|          3|    1|          3|
    |Bbuf_32_we0               |    9|          2|    1|          2|
    |Bbuf_33_address0          |   14|          3|    8|         24|
    |Bbuf_33_ce0               |   14|          3|    1|          3|
    |Bbuf_33_we0               |    9|          2|    1|          2|
    |Bbuf_34_address0          |   14|          3|    8|         24|
    |Bbuf_34_ce0               |   14|          3|    1|          3|
    |Bbuf_34_we0               |    9|          2|    1|          2|
    |Bbuf_35_address0          |   14|          3|    8|         24|
    |Bbuf_35_ce0               |   14|          3|    1|          3|
    |Bbuf_35_we0               |    9|          2|    1|          2|
    |Bbuf_36_address0          |   14|          3|    8|         24|
    |Bbuf_36_ce0               |   14|          3|    1|          3|
    |Bbuf_36_we0               |    9|          2|    1|          2|
    |Bbuf_37_address0          |   14|          3|    8|         24|
    |Bbuf_37_ce0               |   14|          3|    1|          3|
    |Bbuf_37_we0               |    9|          2|    1|          2|
    |Bbuf_38_address0          |   14|          3|    8|         24|
    |Bbuf_38_ce0               |   14|          3|    1|          3|
    |Bbuf_38_we0               |    9|          2|    1|          2|
    |Bbuf_39_address0          |   14|          3|    8|         24|
    |Bbuf_39_ce0               |   14|          3|    1|          3|
    |Bbuf_39_we0               |    9|          2|    1|          2|
    |Bbuf_3_address0           |   14|          3|    8|         24|
    |Bbuf_3_ce0                |   14|          3|    1|          3|
    |Bbuf_3_we0                |    9|          2|    1|          2|
    |Bbuf_40_address0          |   14|          3|    8|         24|
    |Bbuf_40_ce0               |   14|          3|    1|          3|
    |Bbuf_40_we0               |    9|          2|    1|          2|
    |Bbuf_41_address0          |   14|          3|    8|         24|
    |Bbuf_41_ce0               |   14|          3|    1|          3|
    |Bbuf_41_we0               |    9|          2|    1|          2|
    |Bbuf_42_address0          |   14|          3|    8|         24|
    |Bbuf_42_ce0               |   14|          3|    1|          3|
    |Bbuf_42_we0               |    9|          2|    1|          2|
    |Bbuf_43_address0          |   14|          3|    8|         24|
    |Bbuf_43_ce0               |   14|          3|    1|          3|
    |Bbuf_43_we0               |    9|          2|    1|          2|
    |Bbuf_44_address0          |   14|          3|    8|         24|
    |Bbuf_44_ce0               |   14|          3|    1|          3|
    |Bbuf_44_we0               |    9|          2|    1|          2|
    |Bbuf_45_address0          |   14|          3|    8|         24|
    |Bbuf_45_ce0               |   14|          3|    1|          3|
    |Bbuf_45_we0               |    9|          2|    1|          2|
    |Bbuf_46_address0          |   14|          3|    8|         24|
    |Bbuf_46_ce0               |   14|          3|    1|          3|
    |Bbuf_46_we0               |    9|          2|    1|          2|
    |Bbuf_47_address0          |   14|          3|    8|         24|
    |Bbuf_47_ce0               |   14|          3|    1|          3|
    |Bbuf_47_we0               |    9|          2|    1|          2|
    |Bbuf_48_address0          |   14|          3|    8|         24|
    |Bbuf_48_ce0               |   14|          3|    1|          3|
    |Bbuf_48_we0               |    9|          2|    1|          2|
    |Bbuf_49_address0          |   14|          3|    8|         24|
    |Bbuf_49_ce0               |   14|          3|    1|          3|
    |Bbuf_49_we0               |    9|          2|    1|          2|
    |Bbuf_4_address0           |   14|          3|    8|         24|
    |Bbuf_4_ce0                |   14|          3|    1|          3|
    |Bbuf_4_we0                |    9|          2|    1|          2|
    |Bbuf_50_address0          |   14|          3|    8|         24|
    |Bbuf_50_ce0               |   14|          3|    1|          3|
    |Bbuf_50_we0               |    9|          2|    1|          2|
    |Bbuf_51_address0          |   14|          3|    8|         24|
    |Bbuf_51_ce0               |   14|          3|    1|          3|
    |Bbuf_51_we0               |    9|          2|    1|          2|
    |Bbuf_52_address0          |   14|          3|    8|         24|
    |Bbuf_52_ce0               |   14|          3|    1|          3|
    |Bbuf_52_we0               |    9|          2|    1|          2|
    |Bbuf_53_address0          |   14|          3|    8|         24|
    |Bbuf_53_ce0               |   14|          3|    1|          3|
    |Bbuf_53_we0               |    9|          2|    1|          2|
    |Bbuf_54_address0          |   14|          3|    8|         24|
    |Bbuf_54_ce0               |   14|          3|    1|          3|
    |Bbuf_54_we0               |    9|          2|    1|          2|
    |Bbuf_55_address0          |   14|          3|    8|         24|
    |Bbuf_55_ce0               |   14|          3|    1|          3|
    |Bbuf_55_we0               |    9|          2|    1|          2|
    |Bbuf_56_address0          |   14|          3|    8|         24|
    |Bbuf_56_ce0               |   14|          3|    1|          3|
    |Bbuf_56_we0               |    9|          2|    1|          2|
    |Bbuf_57_address0          |   14|          3|    8|         24|
    |Bbuf_57_ce0               |   14|          3|    1|          3|
    |Bbuf_57_we0               |    9|          2|    1|          2|
    |Bbuf_58_address0          |   14|          3|    8|         24|
    |Bbuf_58_ce0               |   14|          3|    1|          3|
    |Bbuf_58_we0               |    9|          2|    1|          2|
    |Bbuf_59_address0          |   14|          3|    8|         24|
    |Bbuf_59_ce0               |   14|          3|    1|          3|
    |Bbuf_59_we0               |    9|          2|    1|          2|
    |Bbuf_5_address0           |   14|          3|    8|         24|
    |Bbuf_5_ce0                |   14|          3|    1|          3|
    |Bbuf_5_we0                |    9|          2|    1|          2|
    |Bbuf_60_address0          |   14|          3|    8|         24|
    |Bbuf_60_ce0               |   14|          3|    1|          3|
    |Bbuf_60_we0               |    9|          2|    1|          2|
    |Bbuf_61_address0          |   14|          3|    8|         24|
    |Bbuf_61_ce0               |   14|          3|    1|          3|
    |Bbuf_61_we0               |    9|          2|    1|          2|
    |Bbuf_62_address0          |   14|          3|    8|         24|
    |Bbuf_62_ce0               |   14|          3|    1|          3|
    |Bbuf_62_we0               |    9|          2|    1|          2|
    |Bbuf_63_address0          |   14|          3|    8|         24|
    |Bbuf_63_ce0               |   14|          3|    1|          3|
    |Bbuf_63_we0               |    9|          2|    1|          2|
    |Bbuf_6_address0           |   14|          3|    8|         24|
    |Bbuf_6_ce0                |   14|          3|    1|          3|
    |Bbuf_6_we0                |    9|          2|    1|          2|
    |Bbuf_7_address0           |   14|          3|    8|         24|
    |Bbuf_7_ce0                |   14|          3|    1|          3|
    |Bbuf_7_we0                |    9|          2|    1|          2|
    |Bbuf_8_address0           |   14|          3|    8|         24|
    |Bbuf_8_ce0                |   14|          3|    1|          3|
    |Bbuf_8_we0                |    9|          2|    1|          2|
    |Bbuf_9_address0           |   14|          3|    8|         24|
    |Bbuf_9_ce0                |   14|          3|    1|          3|
    |Bbuf_9_we0                |    9|          2|    1|          2|
    |Bbuf_address0             |   14|          3|    8|         24|
    |Bbuf_ce0                  |   14|          3|    1|          3|
    |Bbuf_we0                  |    9|          2|    1|          2|
    |C_blk_n_AW                |    9|          2|    1|          2|
    |C_blk_n_B                 |    9|          2|    1|          2|
    |C_blk_n_W                 |    9|          2|    1|          2|
    |ap_NS_fsm                 |  130|         29|    1|         29|
    |grp_fu_4325_ce            |    9|          2|    1|          2|
    |grp_fu_4325_p0            |   14|          3|   32|         96|
    |grp_fu_4325_p1            |   14|          3|   32|         96|
    |i_fu_130                  |    9|          2|    8|         16|
    |indvar_flatten134_fu_134  |    9|          2|   15|         30|
    |j_fu_122                  |    9|          2|    8|         16|
    |kb_1_reg_3646             |    9|          2|    3|          6|
    |result_reg_3657           |    9|          2|   32|         64|
    +--------------------------+-----+-----------+-----+-----------+
    |Total                     | 5095|       1103| 1613|       4663|
    +--------------------------+-----+-----------+-----+-----------+

    * Register: 
    +---------------------------------------------------------------+-----+----+-----+-----------+
    |                              Name                             |  FF | LUT| Bits| Const Bits|
    +---------------------------------------------------------------+-----+----+-----+-----------+
    |Abuf_10_load_1_reg_6500                                        |   32|   0|   32|          0|
    |Abuf_10_load_reg_6255                                          |   32|   0|   32|          0|
    |Abuf_11_load_1_reg_6505                                        |   32|   0|   32|          0|
    |Abuf_11_load_reg_6260                                          |   32|   0|   32|          0|
    |Abuf_12_load_1_reg_6510                                        |   32|   0|   32|          0|
    |Abuf_12_load_reg_6265                                          |   32|   0|   32|          0|
    |Abuf_13_load_1_reg_6515                                        |   32|   0|   32|          0|
    |Abuf_13_load_reg_6270                                          |   32|   0|   32|          0|
    |Abuf_14_load_1_reg_6520                                        |   32|   0|   32|          0|
    |Abuf_14_load_reg_6275                                          |   32|   0|   32|          0|
    |Abuf_15_load_1_reg_6525                                        |   32|   0|   32|          0|
    |Abuf_15_load_reg_6280                                          |   32|   0|   32|          0|
    |Abuf_16_load_1_reg_6530                                        |   32|   0|   32|          0|
    |Abuf_16_load_reg_6285                                          |   32|   0|   32|          0|
    |Abuf_17_load_1_reg_6535                                        |   32|   0|   32|          0|
    |Abuf_17_load_reg_6290                                          |   32|   0|   32|          0|
    |Abuf_18_load_1_reg_6540                                        |   32|   0|   32|          0|
    |Abuf_18_load_reg_6295                                          |   32|   0|   32|          0|
    |Abuf_19_load_1_reg_6545                                        |   32|   0|   32|          0|
    |Abuf_19_load_reg_6300                                          |   32|   0|   32|          0|
    |Abuf_1_load_1_reg_6455                                         |   32|   0|   32|          0|
    |Abuf_1_load_reg_6210                                           |   32|   0|   32|          0|
    |Abuf_20_load_1_reg_6550                                        |   32|   0|   32|          0|
    |Abuf_20_load_reg_6305                                          |   32|   0|   32|          0|
    |Abuf_21_load_1_reg_6555                                        |   32|   0|   32|          0|
    |Abuf_21_load_reg_6310                                          |   32|   0|   32|          0|
    |Abuf_22_load_1_reg_6560                                        |   32|   0|   32|          0|
    |Abuf_22_load_reg_6315                                          |   32|   0|   32|          0|
    |Abuf_23_load_1_reg_6565                                        |   32|   0|   32|          0|
    |Abuf_23_load_reg_6320                                          |   32|   0|   32|          0|
    |Abuf_24_load_1_reg_6570                                        |   32|   0|   32|          0|
    |Abuf_24_load_reg_6325                                          |   32|   0|   32|          0|
    |Abuf_25_load_1_reg_6575                                        |   32|   0|   32|          0|
    |Abuf_25_load_reg_6330                                          |   32|   0|   32|          0|
    |Abuf_26_load_1_reg_6580                                        |   32|   0|   32|          0|
    |Abuf_26_load_reg_6335                                          |   32|   0|   32|          0|
    |Abuf_27_load_1_reg_6585                                        |   32|   0|   32|          0|
    |Abuf_27_load_reg_6340                                          |   32|   0|   32|          0|
    |Abuf_28_load_1_reg_6590                                        |   32|   0|   32|          0|
    |Abuf_28_load_reg_6345                                          |   32|   0|   32|          0|
    |Abuf_29_load_1_reg_6595                                        |   32|   0|   32|          0|
    |Abuf_29_load_reg_6350                                          |   32|   0|   32|          0|
    |Abuf_2_load_1_reg_6460                                         |   32|   0|   32|          0|
    |Abuf_2_load_reg_6215                                           |   32|   0|   32|          0|
    |Abuf_30_load_1_reg_6600                                        |   32|   0|   32|          0|
    |Abuf_30_load_reg_6355                                          |   32|   0|   32|          0|
    |Abuf_31_load_1_reg_6605                                        |   32|   0|   32|          0|
    |Abuf_31_load_reg_6360                                          |   32|   0|   32|          0|
    |Abuf_32_load_1_reg_6610                                        |   32|   0|   32|          0|
    |Abuf_32_load_reg_6365                                          |   32|   0|   32|          0|
    |Abuf_33_load_1_reg_6615                                        |   32|   0|   32|          0|
    |Abuf_33_load_reg_6370                                          |   32|   0|   32|          0|
    |Abuf_34_load_1_reg_6620                                        |   32|   0|   32|          0|
    |Abuf_34_load_reg_6375                                          |   32|   0|   32|          0|
    |Abuf_35_load_1_reg_6625                                        |   32|   0|   32|          0|
    |Abuf_35_load_reg_6380                                          |   32|   0|   32|          0|
    |Abuf_36_load_1_reg_6630                                        |   32|   0|   32|          0|
    |Abuf_36_load_reg_6385                                          |   32|   0|   32|          0|
    |Abuf_37_load_1_reg_6635                                        |   32|   0|   32|          0|
    |Abuf_37_load_reg_6390                                          |   32|   0|   32|          0|
    |Abuf_38_load_1_reg_6640                                        |   32|   0|   32|          0|
    |Abuf_38_load_reg_6395                                          |   32|   0|   32|          0|
    |Abuf_39_load_1_reg_6645                                        |   32|   0|   32|          0|
    |Abuf_39_load_reg_6400                                          |   32|   0|   32|          0|
    |Abuf_3_load_1_reg_6465                                         |   32|   0|   32|          0|
    |Abuf_3_load_reg_6220                                           |   32|   0|   32|          0|
    |Abuf_40_load_1_reg_6650                                        |   32|   0|   32|          0|
    |Abuf_40_load_reg_6405                                          |   32|   0|   32|          0|
    |Abuf_41_load_1_reg_6655                                        |   32|   0|   32|          0|
    |Abuf_41_load_reg_6410                                          |   32|   0|   32|          0|
    |Abuf_42_load_1_reg_6660                                        |   32|   0|   32|          0|
    |Abuf_42_load_reg_6415                                          |   32|   0|   32|          0|
    |Abuf_43_load_1_reg_6665                                        |   32|   0|   32|          0|
    |Abuf_43_load_reg_6420                                          |   32|   0|   32|          0|
    |Abuf_44_load_1_reg_6670                                        |   32|   0|   32|          0|
    |Abuf_44_load_reg_6425                                          |   32|   0|   32|          0|
    |Abuf_45_load_1_reg_6675                                        |   32|   0|   32|          0|
    |Abuf_45_load_reg_6430                                          |   32|   0|   32|          0|
    |Abuf_46_load_1_reg_6680                                        |   32|   0|   32|          0|
    |Abuf_46_load_reg_6435                                          |   32|   0|   32|          0|
    |Abuf_47_load_1_reg_6685                                        |   32|   0|   32|          0|
    |Abuf_47_load_reg_6440                                          |   32|   0|   32|          0|
    |Abuf_48_load_1_reg_6690                                        |   32|   0|   32|          0|
    |Abuf_48_load_reg_6445                                          |   32|   0|   32|          0|
    |Abuf_49_load_1_reg_6700                                        |   32|   0|   32|          0|
    |Abuf_49_load_reg_6695                                          |   32|   0|   32|          0|
    |Abuf_4_load_1_reg_6470                                         |   32|   0|   32|          0|
    |Abuf_4_load_reg_6225                                           |   32|   0|   32|          0|
    |Abuf_50_load_1_reg_6710                                        |   32|   0|   32|          0|
    |Abuf_50_load_reg_6705                                          |   32|   0|   32|          0|
    |Abuf_51_load_1_reg_6720                                        |   32|   0|   32|          0|
    |Abuf_51_load_reg_6715                                          |   32|   0|   32|          0|
    |Abuf_52_load_1_reg_6730                                        |   32|   0|   32|          0|
    |Abuf_52_load_reg_6725                                          |   32|   0|   32|          0|
    |Abuf_53_load_1_reg_6740                                        |   32|   0|   32|          0|
    |Abuf_53_load_reg_6735                                          |   32|   0|   32|          0|
    |Abuf_54_load_1_reg_6750                                        |   32|   0|   32|          0|
    |Abuf_54_load_reg_6745                                          |   32|   0|   32|          0|
    |Abuf_55_load_1_reg_6760                                        |   32|   0|   32|          0|
    |Abuf_55_load_reg_6755                                          |   32|   0|   32|          0|
    |Abuf_56_load_1_reg_6770                                        |   32|   0|   32|          0|
    |Abuf_56_load_reg_6765                                          |   32|   0|   32|          0|
    |Abuf_57_load_1_reg_6780                                        |   32|   0|   32|          0|
    |Abuf_57_load_reg_6775                                          |   32|   0|   32|          0|
    |Abuf_58_load_1_reg_6790                                        |   32|   0|   32|          0|
    |Abuf_58_load_reg_6785                                          |   32|   0|   32|          0|
    |Abuf_59_load_1_reg_6800                                        |   32|   0|   32|          0|
    |Abuf_59_load_reg_6795                                          |   32|   0|   32|          0|
    |Abuf_5_load_1_reg_6475                                         |   32|   0|   32|          0|
    |Abuf_5_load_reg_6230                                           |   32|   0|   32|          0|
    |Abuf_60_load_1_reg_6810                                        |   32|   0|   32|          0|
    |Abuf_60_load_reg_6805                                          |   32|   0|   32|          0|
    |Abuf_61_load_1_reg_6820                                        |   32|   0|   32|          0|
    |Abuf_61_load_reg_6815                                          |   32|   0|   32|          0|
    |Abuf_62_load_1_reg_6830                                        |   32|   0|   32|          0|
    |Abuf_62_load_reg_6825                                          |   32|   0|   32|          0|
    |Abuf_63_load_1_reg_6840                                        |   32|   0|   32|          0|
    |Abuf_63_load_reg_6835                                          |   32|   0|   32|          0|
    |Abuf_6_load_1_reg_6480                                         |   32|   0|   32|          0|
    |Abuf_6_load_reg_6235                                           |   32|   0|   32|          0|
    |Abuf_7_load_1_reg_6485                                         |   32|   0|   32|          0|
    |Abuf_7_load_reg_6240                                           |   32|   0|   32|          0|
    |Abuf_8_load_1_reg_6490                                         |   32|   0|   32|          0|
    |Abuf_8_load_reg_6245                                           |   32|   0|   32|          0|
    |Abuf_9_load_1_reg_6495                                         |   32|   0|   32|          0|
    |Abuf_9_load_reg_6250                                           |   32|   0|   32|          0|
    |Abuf_load_1_reg_6450                                           |   32|   0|   32|          0|
    |Abuf_load_reg_6205                                             |   32|   0|   32|          0|
    |Bbuf_10_load_1_reg_7140                                        |   32|   0|   32|          0|
    |Bbuf_10_load_reg_6895                                          |   32|   0|   32|          0|
    |Bbuf_11_load_1_reg_7145                                        |   32|   0|   32|          0|
    |Bbuf_11_load_reg_6900                                          |   32|   0|   32|          0|
    |Bbuf_12_load_1_reg_7150                                        |   32|   0|   32|          0|
    |Bbuf_12_load_reg_6905                                          |   32|   0|   32|          0|
    |Bbuf_13_load_1_reg_7155                                        |   32|   0|   32|          0|
    |Bbuf_13_load_reg_6910                                          |   32|   0|   32|          0|
    |Bbuf_14_load_1_reg_7160                                        |   32|   0|   32|          0|
    |Bbuf_14_load_reg_6915                                          |   32|   0|   32|          0|
    |Bbuf_15_load_1_reg_7165                                        |   32|   0|   32|          0|
    |Bbuf_15_load_reg_6920                                          |   32|   0|   32|          0|
    |Bbuf_16_load_1_reg_7170                                        |   32|   0|   32|          0|
    |Bbuf_16_load_reg_6925                                          |   32|   0|   32|          0|
    |Bbuf_17_load_1_reg_7175                                        |   32|   0|   32|          0|
    |Bbuf_17_load_reg_6930                                          |   32|   0|   32|          0|
    |Bbuf_18_load_1_reg_7180                                        |   32|   0|   32|          0|
    |Bbuf_18_load_reg_6935                                          |   32|   0|   32|          0|
    |Bbuf_19_load_1_reg_7185                                        |   32|   0|   32|          0|
    |Bbuf_19_load_reg_6940                                          |   32|   0|   32|          0|
    |Bbuf_1_load_1_reg_7095                                         |   32|   0|   32|          0|
    |Bbuf_1_load_reg_6850                                           |   32|   0|   32|          0|
    |Bbuf_20_load_1_reg_7190                                        |   32|   0|   32|          0|
    |Bbuf_20_load_reg_6945                                          |   32|   0|   32|          0|
    |Bbuf_21_load_1_reg_7195                                        |   32|   0|   32|          0|
    |Bbuf_21_load_reg_6950                                          |   32|   0|   32|          0|
    |Bbuf_22_load_1_reg_7200                                        |   32|   0|   32|          0|
    |Bbuf_22_load_reg_6955                                          |   32|   0|   32|          0|
    |Bbuf_23_load_1_reg_7205                                        |   32|   0|   32|          0|
    |Bbuf_23_load_reg_6960                                          |   32|   0|   32|          0|
    |Bbuf_24_load_1_reg_7210                                        |   32|   0|   32|          0|
    |Bbuf_24_load_reg_6965                                          |   32|   0|   32|          0|
    |Bbuf_25_load_1_reg_7215                                        |   32|   0|   32|          0|
    |Bbuf_25_load_reg_6970                                          |   32|   0|   32|          0|
    |Bbuf_26_load_1_reg_7220                                        |   32|   0|   32|          0|
    |Bbuf_26_load_reg_6975                                          |   32|   0|   32|          0|
    |Bbuf_27_load_1_reg_7225                                        |   32|   0|   32|          0|
    |Bbuf_27_load_reg_6980                                          |   32|   0|   32|          0|
    |Bbuf_28_load_1_reg_7230                                        |   32|   0|   32|          0|
    |Bbuf_28_load_reg_6985                                          |   32|   0|   32|          0|
    |Bbuf_29_load_1_reg_7235                                        |   32|   0|   32|          0|
    |Bbuf_29_load_reg_6990                                          |   32|   0|   32|          0|
    |Bbuf_2_load_1_reg_7100                                         |   32|   0|   32|          0|
    |Bbuf_2_load_reg_6855                                           |   32|   0|   32|          0|
    |Bbuf_30_load_1_reg_7240                                        |   32|   0|   32|          0|
    |Bbuf_30_load_reg_6995                                          |   32|   0|   32|          0|
    |Bbuf_31_load_1_reg_7245                                        |   32|   0|   32|          0|
    |Bbuf_31_load_reg_7000                                          |   32|   0|   32|          0|
    |Bbuf_32_load_1_reg_7250                                        |   32|   0|   32|          0|
    |Bbuf_32_load_reg_7005                                          |   32|   0|   32|          0|
    |Bbuf_33_load_1_reg_7255                                        |   32|   0|   32|          0|
    |Bbuf_33_load_reg_7010                                          |   32|   0|   32|          0|
    |Bbuf_34_load_1_reg_7260                                        |   32|   0|   32|          0|
    |Bbuf_34_load_reg_7015                                          |   32|   0|   32|          0|
    |Bbuf_35_load_1_reg_7265                                        |   32|   0|   32|          0|
    |Bbuf_35_load_reg_7020                                          |   32|   0|   32|          0|
    |Bbuf_36_load_1_reg_7270                                        |   32|   0|   32|          0|
    |Bbuf_36_load_reg_7025                                          |   32|   0|   32|          0|
    |Bbuf_37_load_1_reg_7275                                        |   32|   0|   32|          0|
    |Bbuf_37_load_reg_7030                                          |   32|   0|   32|          0|
    |Bbuf_38_load_1_reg_7280                                        |   32|   0|   32|          0|
    |Bbuf_38_load_reg_7035                                          |   32|   0|   32|          0|
    |Bbuf_39_load_1_reg_7285                                        |   32|   0|   32|          0|
    |Bbuf_39_load_reg_7040                                          |   32|   0|   32|          0|
    |Bbuf_3_load_1_reg_7105                                         |   32|   0|   32|          0|
    |Bbuf_3_load_reg_6860                                           |   32|   0|   32|          0|
    |Bbuf_40_load_1_reg_7290                                        |   32|   0|   32|          0|
    |Bbuf_40_load_reg_7045                                          |   32|   0|   32|          0|
    |Bbuf_41_load_1_reg_7295                                        |   32|   0|   32|          0|
    |Bbuf_41_load_reg_7050                                          |   32|   0|   32|          0|
    |Bbuf_42_load_1_reg_7300                                        |   32|   0|   32|          0|
    |Bbuf_42_load_reg_7055                                          |   32|   0|   32|          0|
    |Bbuf_43_load_1_reg_7305                                        |   32|   0|   32|          0|
    |Bbuf_43_load_reg_7060                                          |   32|   0|   32|          0|
    |Bbuf_44_load_1_reg_7310                                        |   32|   0|   32|          0|
    |Bbuf_44_load_reg_7065                                          |   32|   0|   32|          0|
    |Bbuf_45_load_1_reg_7315                                        |   32|   0|   32|          0|
    |Bbuf_45_load_reg_7070                                          |   32|   0|   32|          0|
    |Bbuf_46_load_1_reg_7320                                        |   32|   0|   32|          0|
    |Bbuf_46_load_reg_7075                                          |   32|   0|   32|          0|
    |Bbuf_47_load_1_reg_7325                                        |   32|   0|   32|          0|
    |Bbuf_47_load_reg_7080                                          |   32|   0|   32|          0|
    |Bbuf_48_load_1_reg_7330                                        |   32|   0|   32|          0|
    |Bbuf_48_load_reg_7085                                          |   32|   0|   32|          0|
    |Bbuf_49_load_1_reg_7340                                        |   32|   0|   32|          0|
    |Bbuf_49_load_reg_7335                                          |   32|   0|   32|          0|
    |Bbuf_4_load_1_reg_7110                                         |   32|   0|   32|          0|
    |Bbuf_4_load_reg_6865                                           |   32|   0|   32|          0|
    |Bbuf_50_load_1_reg_7350                                        |   32|   0|   32|          0|
    |Bbuf_50_load_reg_7345                                          |   32|   0|   32|          0|
    |Bbuf_51_load_1_reg_7360                                        |   32|   0|   32|          0|
    |Bbuf_51_load_reg_7355                                          |   32|   0|   32|          0|
    |Bbuf_52_load_1_reg_7370                                        |   32|   0|   32|          0|
    |Bbuf_52_load_reg_7365                                          |   32|   0|   32|          0|
    |Bbuf_53_load_1_reg_7380                                        |   32|   0|   32|          0|
    |Bbuf_53_load_reg_7375                                          |   32|   0|   32|          0|
    |Bbuf_54_load_1_reg_7390                                        |   32|   0|   32|          0|
    |Bbuf_54_load_reg_7385                                          |   32|   0|   32|          0|
    |Bbuf_55_load_1_reg_7400                                        |   32|   0|   32|          0|
    |Bbuf_55_load_reg_7395                                          |   32|   0|   32|          0|
    |Bbuf_56_load_1_reg_7410                                        |   32|   0|   32|          0|
    |Bbuf_56_load_reg_7405                                          |   32|   0|   32|          0|
    |Bbuf_57_load_1_reg_7420                                        |   32|   0|   32|          0|
    |Bbuf_57_load_reg_7415                                          |   32|   0|   32|          0|
    |Bbuf_58_load_1_reg_7430                                        |   32|   0|   32|          0|
    |Bbuf_58_load_reg_7425                                          |   32|   0|   32|          0|
    |Bbuf_59_load_1_reg_7440                                        |   32|   0|   32|          0|
    |Bbuf_59_load_reg_7435                                          |   32|   0|   32|          0|
    |Bbuf_5_load_1_reg_7115                                         |   32|   0|   32|          0|
    |Bbuf_5_load_reg_6870                                           |   32|   0|   32|          0|
    |Bbuf_60_load_1_reg_7450                                        |   32|   0|   32|          0|
    |Bbuf_60_load_reg_7445                                          |   32|   0|   32|          0|
    |Bbuf_61_load_1_reg_7460                                        |   32|   0|   32|          0|
    |Bbuf_61_load_reg_7455                                          |   32|   0|   32|          0|
    |Bbuf_62_load_1_reg_7470                                        |   32|   0|   32|          0|
    |Bbuf_62_load_reg_7465                                          |   32|   0|   32|          0|
    |Bbuf_63_load_1_reg_7480                                        |   32|   0|   32|          0|
    |Bbuf_63_load_reg_7475                                          |   32|   0|   32|          0|
    |Bbuf_6_load_1_reg_7120                                         |   32|   0|   32|          0|
    |Bbuf_6_load_reg_6875                                           |   32|   0|   32|          0|
    |Bbuf_7_load_1_reg_7125                                         |   32|   0|   32|          0|
    |Bbuf_7_load_reg_6880                                           |   32|   0|   32|          0|
    |Bbuf_8_load_1_reg_7130                                         |   32|   0|   32|          0|
    |Bbuf_8_load_reg_6885                                           |   32|   0|   32|          0|
    |Bbuf_9_load_1_reg_7135                                         |   32|   0|   32|          0|
    |Bbuf_9_load_reg_6890                                           |   32|   0|   32|          0|
    |Bbuf_load_1_reg_7090                                           |   32|   0|   32|          0|
    |Bbuf_load_reg_6845                                             |   32|   0|   32|          0|
    |C_addr_reg_4878                                                |   64|   0|   64|          0|
    |add_ln49_1_reg_4897                                            |   15|   0|   15|          0|
    |add_ln62_reg_7491                                              |    3|   0|    3|          0|
    |ap_CS_fsm                                                      |   28|   0|   28|          0|
    |grp_mmult_Pipeline_BREAK_fu_3807_ap_start_reg                  |    1|   0|    1|          0|
    |grp_mmult_Pipeline_MEM_LOOP_R_MEM_LOOP_C_fu_3669_ap_start_reg  |    1|   0|    1|          0|
    |i_fu_130                                                       |    8|   0|    8|          0|
    |icmp_ln50_reg_4905                                             |    1|   0|    1|          0|
    |indvar_flatten134_fu_134                                       |   15|   0|   15|          0|
    |j_fu_122                                                       |    8|   0|    8|          0|
    |kb_1_reg_3646                                                  |    3|   0|    3|          0|
    |result_buf_fu_126                                              |  128|   0|  128|          0|
    |result_reg_3657                                                |   32|   0|   32|          0|
    |select_ln49_3_reg_5557                                         |    8|   0|    8|          0|
    |select_ln49_reg_4912                                           |    8|   0|    8|          0|
    |trunc_ln41_1_reg_4866                                          |   62|   0|   62|          0|
    |trunc_ln41_2_reg_4872                                          |   62|   0|   62|          0|
    |trunc_ln63_1_reg_7496                                          |   32|   0|   32|          0|
    +---------------------------------------------------------------+-----+----+-----+-----------+
    |Total                                                          | 8671|   0| 8671|          0|
    +---------------------------------------------------------------+-----+----+-----+-----------+



================================================================
== Interface
================================================================
* Summary: 
+-----------------------+-----+-----+------------+--------------+--------------+
|       RTL Ports       | Dir | Bits|  Protocol  | Source Object|    C Type    |
+-----------------------+-----+-----+------------+--------------+--------------+
|s_axi_control_AWVALID  |   in|    1|       s_axi|       control|        scalar|
|s_axi_control_AWREADY  |  out|    1|       s_axi|       control|        scalar|
|s_axi_control_AWADDR   |   in|    6|       s_axi|       control|        scalar|
|s_axi_control_WVALID   |   in|    1|       s_axi|       control|        scalar|
|s_axi_control_WREADY   |  out|    1|       s_axi|       control|        scalar|
|s_axi_control_WDATA    |   in|   32|       s_axi|       control|        scalar|
|s_axi_control_WSTRB    |   in|    4|       s_axi|       control|        scalar|
|s_axi_control_ARVALID  |   in|    1|       s_axi|       control|        scalar|
|s_axi_control_ARREADY  |  out|    1|       s_axi|       control|        scalar|
|s_axi_control_ARADDR   |   in|    6|       s_axi|       control|        scalar|
|s_axi_control_RVALID   |  out|    1|       s_axi|       control|        scalar|
|s_axi_control_RREADY   |   in|    1|       s_axi|       control|        scalar|
|s_axi_control_RDATA    |  out|   32|       s_axi|       control|        scalar|
|s_axi_control_RRESP    |  out|    2|       s_axi|       control|        scalar|
|s_axi_control_BVALID   |  out|    1|       s_axi|       control|        scalar|
|s_axi_control_BREADY   |   in|    1|       s_axi|       control|        scalar|
|s_axi_control_BRESP    |  out|    2|       s_axi|       control|        scalar|
|ap_clk                 |   in|    1|  ap_ctrl_hs|         mmult|  return value|
|ap_rst_n               |   in|    1|  ap_ctrl_hs|         mmult|  return value|
|interrupt              |  out|    1|  ap_ctrl_hs|         mmult|  return value|
|m_axi_A_AWVALID        |  out|    1|       m_axi|             A|       pointer|
|m_axi_A_AWREADY        |   in|    1|       m_axi|             A|       pointer|
|m_axi_A_AWADDR         |  out|   64|       m_axi|             A|       pointer|
|m_axi_A_AWID           |  out|    1|       m_axi|             A|       pointer|
|m_axi_A_AWLEN          |  out|    8|       m_axi|             A|       pointer|
|m_axi_A_AWSIZE         |  out|    3|       m_axi|             A|       pointer|
|m_axi_A_AWBURST        |  out|    2|       m_axi|             A|       pointer|
|m_axi_A_AWLOCK         |  out|    2|       m_axi|             A|       pointer|
|m_axi_A_AWCACHE        |  out|    4|       m_axi|             A|       pointer|
|m_axi_A_AWPROT         |  out|    3|       m_axi|             A|       pointer|
|m_axi_A_AWQOS          |  out|    4|       m_axi|             A|       pointer|
|m_axi_A_AWREGION       |  out|    4|       m_axi|             A|       pointer|
|m_axi_A_AWUSER         |  out|    1|       m_axi|             A|       pointer|
|m_axi_A_WVALID         |  out|    1|       m_axi|             A|       pointer|
|m_axi_A_WREADY         |   in|    1|       m_axi|             A|       pointer|
|m_axi_A_WDATA          |  out|   32|       m_axi|             A|       pointer|
|m_axi_A_WSTRB          |  out|    4|       m_axi|             A|       pointer|
|m_axi_A_WLAST          |  out|    1|       m_axi|             A|       pointer|
|m_axi_A_WID            |  out|    1|       m_axi|             A|       pointer|
|m_axi_A_WUSER          |  out|    1|       m_axi|             A|       pointer|
|m_axi_A_ARVALID        |  out|    1|       m_axi|             A|       pointer|
|m_axi_A_ARREADY        |   in|    1|       m_axi|             A|       pointer|
|m_axi_A_ARADDR         |  out|   64|       m_axi|             A|       pointer|
|m_axi_A_ARID           |  out|    1|       m_axi|             A|       pointer|
|m_axi_A_ARLEN          |  out|    8|       m_axi|             A|       pointer|
|m_axi_A_ARSIZE         |  out|    3|       m_axi|             A|       pointer|
|m_axi_A_ARBURST        |  out|    2|       m_axi|             A|       pointer|
|m_axi_A_ARLOCK         |  out|    2|       m_axi|             A|       pointer|
|m_axi_A_ARCACHE        |  out|    4|       m_axi|             A|       pointer|
|m_axi_A_ARPROT         |  out|    3|       m_axi|             A|       pointer|
|m_axi_A_ARQOS          |  out|    4|       m_axi|             A|       pointer|
|m_axi_A_ARREGION       |  out|    4|       m_axi|             A|       pointer|
|m_axi_A_ARUSER         |  out|    1|       m_axi|             A|       pointer|
|m_axi_A_RVALID         |   in|    1|       m_axi|             A|       pointer|
|m_axi_A_RREADY         |  out|    1|       m_axi|             A|       pointer|
|m_axi_A_RDATA          |   in|   32|       m_axi|             A|       pointer|
|m_axi_A_RLAST          |   in|    1|       m_axi|             A|       pointer|
|m_axi_A_RID            |   in|    1|       m_axi|             A|       pointer|
|m_axi_A_RUSER          |   in|    1|       m_axi|             A|       pointer|
|m_axi_A_RRESP          |   in|    2|       m_axi|             A|       pointer|
|m_axi_A_BVALID         |   in|    1|       m_axi|             A|       pointer|
|m_axi_A_BREADY         |  out|    1|       m_axi|             A|       pointer|
|m_axi_A_BRESP          |   in|    2|       m_axi|             A|       pointer|
|m_axi_A_BID            |   in|    1|       m_axi|             A|       pointer|
|m_axi_A_BUSER          |   in|    1|       m_axi|             A|       pointer|
|m_axi_B_AWVALID        |  out|    1|       m_axi|             B|       pointer|
|m_axi_B_AWREADY        |   in|    1|       m_axi|             B|       pointer|
|m_axi_B_AWADDR         |  out|   64|       m_axi|             B|       pointer|
|m_axi_B_AWID           |  out|    1|       m_axi|             B|       pointer|
|m_axi_B_AWLEN          |  out|    8|       m_axi|             B|       pointer|
|m_axi_B_AWSIZE         |  out|    3|       m_axi|             B|       pointer|
|m_axi_B_AWBURST        |  out|    2|       m_axi|             B|       pointer|
|m_axi_B_AWLOCK         |  out|    2|       m_axi|             B|       pointer|
|m_axi_B_AWCACHE        |  out|    4|       m_axi|             B|       pointer|
|m_axi_B_AWPROT         |  out|    3|       m_axi|             B|       pointer|
|m_axi_B_AWQOS          |  out|    4|       m_axi|             B|       pointer|
|m_axi_B_AWREGION       |  out|    4|       m_axi|             B|       pointer|
|m_axi_B_AWUSER         |  out|    1|       m_axi|             B|       pointer|
|m_axi_B_WVALID         |  out|    1|       m_axi|             B|       pointer|
|m_axi_B_WREADY         |   in|    1|       m_axi|             B|       pointer|
|m_axi_B_WDATA          |  out|   32|       m_axi|             B|       pointer|
|m_axi_B_WSTRB          |  out|    4|       m_axi|             B|       pointer|
|m_axi_B_WLAST          |  out|    1|       m_axi|             B|       pointer|
|m_axi_B_WID            |  out|    1|       m_axi|             B|       pointer|
|m_axi_B_WUSER          |  out|    1|       m_axi|             B|       pointer|
|m_axi_B_ARVALID        |  out|    1|       m_axi|             B|       pointer|
|m_axi_B_ARREADY        |   in|    1|       m_axi|             B|       pointer|
|m_axi_B_ARADDR         |  out|   64|       m_axi|             B|       pointer|
|m_axi_B_ARID           |  out|    1|       m_axi|             B|       pointer|
|m_axi_B_ARLEN          |  out|    8|       m_axi|             B|       pointer|
|m_axi_B_ARSIZE         |  out|    3|       m_axi|             B|       pointer|
|m_axi_B_ARBURST        |  out|    2|       m_axi|             B|       pointer|
|m_axi_B_ARLOCK         |  out|    2|       m_axi|             B|       pointer|
|m_axi_B_ARCACHE        |  out|    4|       m_axi|             B|       pointer|
|m_axi_B_ARPROT         |  out|    3|       m_axi|             B|       pointer|
|m_axi_B_ARQOS          |  out|    4|       m_axi|             B|       pointer|
|m_axi_B_ARREGION       |  out|    4|       m_axi|             B|       pointer|
|m_axi_B_ARUSER         |  out|    1|       m_axi|             B|       pointer|
|m_axi_B_RVALID         |   in|    1|       m_axi|             B|       pointer|
|m_axi_B_RREADY         |  out|    1|       m_axi|             B|       pointer|
|m_axi_B_RDATA          |   in|   32|       m_axi|             B|       pointer|
|m_axi_B_RLAST          |   in|    1|       m_axi|             B|       pointer|
|m_axi_B_RID            |   in|    1|       m_axi|             B|       pointer|
|m_axi_B_RUSER          |   in|    1|       m_axi|             B|       pointer|
|m_axi_B_RRESP          |   in|    2|       m_axi|             B|       pointer|
|m_axi_B_BVALID         |   in|    1|       m_axi|             B|       pointer|
|m_axi_B_BREADY         |  out|    1|       m_axi|             B|       pointer|
|m_axi_B_BRESP          |   in|    2|       m_axi|             B|       pointer|
|m_axi_B_BID            |   in|    1|       m_axi|             B|       pointer|
|m_axi_B_BUSER          |   in|    1|       m_axi|             B|       pointer|
|m_axi_C_AWVALID        |  out|    1|       m_axi|             C|       pointer|
|m_axi_C_AWREADY        |   in|    1|       m_axi|             C|       pointer|
|m_axi_C_AWADDR         |  out|   64|       m_axi|             C|       pointer|
|m_axi_C_AWID           |  out|    1|       m_axi|             C|       pointer|
|m_axi_C_AWLEN          |  out|    8|       m_axi|             C|       pointer|
|m_axi_C_AWSIZE         |  out|    3|       m_axi|             C|       pointer|
|m_axi_C_AWBURST        |  out|    2|       m_axi|             C|       pointer|
|m_axi_C_AWLOCK         |  out|    2|       m_axi|             C|       pointer|
|m_axi_C_AWCACHE        |  out|    4|       m_axi|             C|       pointer|
|m_axi_C_AWPROT         |  out|    3|       m_axi|             C|       pointer|
|m_axi_C_AWQOS          |  out|    4|       m_axi|             C|       pointer|
|m_axi_C_AWREGION       |  out|    4|       m_axi|             C|       pointer|
|m_axi_C_AWUSER         |  out|    1|       m_axi|             C|       pointer|
|m_axi_C_WVALID         |  out|    1|       m_axi|             C|       pointer|
|m_axi_C_WREADY         |   in|    1|       m_axi|             C|       pointer|
|m_axi_C_WDATA          |  out|   32|       m_axi|             C|       pointer|
|m_axi_C_WSTRB          |  out|    4|       m_axi|             C|       pointer|
|m_axi_C_WLAST          |  out|    1|       m_axi|             C|       pointer|
|m_axi_C_WID            |  out|    1|       m_axi|             C|       pointer|
|m_axi_C_WUSER          |  out|    1|       m_axi|             C|       pointer|
|m_axi_C_ARVALID        |  out|    1|       m_axi|             C|       pointer|
|m_axi_C_ARREADY        |   in|    1|       m_axi|             C|       pointer|
|m_axi_C_ARADDR         |  out|   64|       m_axi|             C|       pointer|
|m_axi_C_ARID           |  out|    1|       m_axi|             C|       pointer|
|m_axi_C_ARLEN          |  out|    8|       m_axi|             C|       pointer|
|m_axi_C_ARSIZE         |  out|    3|       m_axi|             C|       pointer|
|m_axi_C_ARBURST        |  out|    2|       m_axi|             C|       pointer|
|m_axi_C_ARLOCK         |  out|    2|       m_axi|             C|       pointer|
|m_axi_C_ARCACHE        |  out|    4|       m_axi|             C|       pointer|
|m_axi_C_ARPROT         |  out|    3|       m_axi|             C|       pointer|
|m_axi_C_ARQOS          |  out|    4|       m_axi|             C|       pointer|
|m_axi_C_ARREGION       |  out|    4|       m_axi|             C|       pointer|
|m_axi_C_ARUSER         |  out|    1|       m_axi|             C|       pointer|
|m_axi_C_RVALID         |   in|    1|       m_axi|             C|       pointer|
|m_axi_C_RREADY         |  out|    1|       m_axi|             C|       pointer|
|m_axi_C_RDATA          |   in|   32|       m_axi|             C|       pointer|
|m_axi_C_RLAST          |   in|    1|       m_axi|             C|       pointer|
|m_axi_C_RID            |   in|    1|       m_axi|             C|       pointer|
|m_axi_C_RUSER          |   in|    1|       m_axi|             C|       pointer|
|m_axi_C_RRESP          |   in|    2|       m_axi|             C|       pointer|
|m_axi_C_BVALID         |   in|    1|       m_axi|             C|       pointer|
|m_axi_C_BREADY         |  out|    1|       m_axi|             C|       pointer|
|m_axi_C_BRESP          |   in|    2|       m_axi|             C|       pointer|
|m_axi_C_BID            |   in|    1|       m_axi|             C|       pointer|
|m_axi_C_BUSER          |   in|    1|       m_axi|             C|       pointer|
+-----------------------+-----+-----+------------+--------------+--------------+

