

================================================================
== Vitis HLS Report for 'mmult_Pipeline_LOOP1_LOOP2'
================================================================
* Date:           Fri Apr 19 11:04:56 2024

* Version:        2023.2 (Build 4023990 on Oct 11 2023)
* Project:        mmult
* Solution:       sol-mmult-def (Vivado IP Flow Target)
* Product family: zynq
* Target device:  xc7z020i-clg400-1L


================================================================
== Performance Estimates
================================================================
+ Timing: 
    * Summary: 
    +--------+----------+----------+------------+
    |  Clock |  Target  | Estimated| Uncertainty|
    +--------+----------+----------+------------+
    |ap_clk  |  10.00 ns|  8.014 ns|     2.70 ns|
    +--------+----------+----------+------------+

+ Latency: 
    * Summary: 
    +---------+---------+-----------+-----------+------+------+---------+
    |  Latency (cycles) |   Latency (absolute)  |   Interval  | Pipeline|
    |   min   |   max   |    min    |    max    |  min |  max |   Type  |
    +---------+---------+-----------+-----------+------+------+---------+
    |     1027|     1027|  10.270 us|  10.270 us|  1027|  1027|       no|
    +---------+---------+-----------+-----------+------+------+---------+

    + Detail: 
        * Instance: 
        N/A

        * Loop: 
        +---------------+---------+---------+----------+-----------+-----------+------+----------+
        |               |  Latency (cycles) | Iteration|  Initiation Interval  | Trip |          |
        |   Loop Name   |   min   |   max   |  Latency |  achieved |   target  | Count| Pipelined|
        +---------------+---------+---------+----------+-----------+-----------+------+----------+
        |- LOOP1_LOOP2  |     1025|     1025|         3|          1|          1|  1024|       yes|
        +---------------+---------+---------+----------+-----------+-----------+------+----------+



================================================================
== Utilization Estimates
================================================================
* Summary: 
+-----------------+---------+-----+--------+-------+-----+
|       Name      | BRAM_18K| DSP |   FF   |  LUT  | URAM|
+-----------------+---------+-----+--------+-------+-----+
|DSP              |        -|    -|       -|      -|    -|
|Expression       |        -|    -|       0|     98|    -|
|FIFO             |        -|    -|       -|      -|    -|
|Instance         |        -|    -|       -|      -|    -|
|Memory           |        -|    -|       -|      -|    -|
|Multiplexer      |        -|    -|       -|     81|    -|
|Register         |        -|    -|     130|      -|    -|
+-----------------+---------+-----+--------+-------+-----+
|Total            |        0|    0|     130|    179|    0|
+-----------------+---------+-----+--------+-------+-----+
|Available        |      280|  220|  106400|  53200|    0|
+-----------------+---------+-----+--------+-------+-----+
|Utilization (%)  |        0|    0|      ~0|     ~0|    0|
+-----------------+---------+-----+--------+-------+-----+

+ Detail: 
    * Instance: 
    N/A

    * DSP: 
    N/A

    * Memory: 
    N/A

    * FIFO: 
    N/A

    * Expression: 
    +----------------------------------+----------+----+---+----+------------+------------+
    |           Variable Name          | Operation| DSP| FF| LUT| Bitwidth P0| Bitwidth P1|
    +----------------------------------+----------+----+---+----+------------+------------+
    |add_ln29_1_fu_642_p2              |         +|   0|  0|  12|          11|           1|
    |add_ln29_fu_710_p2                |         +|   0|  0|  14|           6|           1|
    |add_ln30_fu_679_p2                |         +|   0|  0|  14|           6|           1|
    |add_ln33_fu_755_p2                |         +|   0|  0|  14|           6|           6|
    |ap_block_pp0_stage0_11001         |       and|   0|  0|   2|           1|           1|
    |icmp_ln29_fu_636_p2               |      icmp|   0|  0|  12|          11|          12|
    |icmp_ln30_fu_651_p2               |      icmp|   0|  0|  14|           6|           7|
    |ap_block_state2_pp0_stage0_iter1  |        or|   0|  0|   2|           1|           1|
    |select_ln29_1_fu_716_p3           |    select|   0|  0|   6|           1|           6|
    |select_ln29_fu_657_p3             |    select|   0|  0|   6|           1|           1|
    |ap_enable_pp0                     |       xor|   0|  0|   2|           1|           2|
    +----------------------------------+----------+----+---+----+------------+------------+
    |Total                             |          |   0|  0|  98|          51|          39|
    +----------------------------------+----------+----+---+----+------------+------------+

    * Multiplexer: 
    +--------------------------------------+----+-----------+-----+-----------+
    |                 Name                 | LUT| Input Size| Bits| Total Bits|
    +--------------------------------------+----+-----------+-----+-----------+
    |A_blk_n_R                             |   9|          2|    1|          2|
    |B_blk_n_R                             |   9|          2|    1|          2|
    |ap_done_int                           |   9|          2|    1|          2|
    |ap_enable_reg_pp0_iter1               |   9|          2|    1|          2|
    |ap_sig_allocacmp_indvar_flatten_load  |   9|          2|   11|         22|
    |ap_sig_allocacmp_j_load               |   9|          2|    6|         12|
    |i_fu_164                              |   9|          2|    6|         12|
    |indvar_flatten_fu_168                 |   9|          2|   11|         22|
    |j_fu_160                              |   9|          2|    6|         12|
    +--------------------------------------+----+-----------+-----+-----------+
    |Total                                 |  81|         18|   44|         88|
    +--------------------------------------+----+-----------+-----+-----------+

    * Register: 
    +-----------------------------------+----+----+-----+-----------+
    |                Name               | FF | LUT| Bits| Const Bits|
    +-----------------------------------+----+----+-----+-----------+
    |ap_CS_fsm                          |   1|   0|    1|          0|
    |ap_done_reg                        |   1|   0|    1|          0|
    |ap_enable_reg_pp0_iter1            |   1|   0|    1|          0|
    |ap_enable_reg_pp0_iter2            |   1|   0|    1|          0|
    |ap_loop_exit_ready_pp0_iter1_reg   |   1|   0|    1|          0|
    |bitcast_ln32_reg_874               |  32|   0|   32|          0|
    |bitcast_ln33_reg_894               |  32|   0|   32|          0|
    |i_fu_164                           |   6|   0|    6|          0|
    |icmp_ln30_reg_841                  |   1|   0|    1|          0|
    |indvar_flatten_fu_168              |  11|   0|   11|          0|
    |j_fu_160                           |   6|   0|    6|          0|
    |select_ln29_1_reg_860              |   6|   0|    6|          0|
    |select_ln29_reg_846                |   6|   0|    6|          0|
    |select_ln29_reg_846_pp0_iter1_reg  |   6|   0|    6|          0|
    |trunc_ln1_reg_870                  |   4|   0|    4|          0|
    |trunc_ln2_reg_856                  |   4|   0|    4|          0|
    |trunc_ln2_reg_856_pp0_iter1_reg    |   4|   0|    4|          0|
    |trunc_ln30_reg_851                 |   1|   0|    1|          0|
    |trunc_ln30_reg_851_pp0_iter1_reg   |   1|   0|    1|          0|
    |trunc_ln33_reg_865                 |   5|   0|    5|          0|
    +-----------------------------------+----+----+-----+-----------+
    |Total                              | 130|   0|  130|          0|
    +-----------------------------------+----+----+-----+-----------+



================================================================
== Interface
================================================================
* Summary: 
+------------------+-----+-----+------------+----------------------------+--------------+
|     RTL Ports    | Dir | Bits|  Protocol  |        Source Object       |    C Type    |
+------------------+-----+-----+------------+----------------------------+--------------+
|ap_clk            |   in|    1|  ap_ctrl_hs|  mmult_Pipeline_LOOP1_LOOP2|  return value|
|ap_rst            |   in|    1|  ap_ctrl_hs|  mmult_Pipeline_LOOP1_LOOP2|  return value|
|ap_start          |   in|    1|  ap_ctrl_hs|  mmult_Pipeline_LOOP1_LOOP2|  return value|
|ap_done           |  out|    1|  ap_ctrl_hs|  mmult_Pipeline_LOOP1_LOOP2|  return value|
|ap_idle           |  out|    1|  ap_ctrl_hs|  mmult_Pipeline_LOOP1_LOOP2|  return value|
|ap_ready          |  out|    1|  ap_ctrl_hs|  mmult_Pipeline_LOOP1_LOOP2|  return value|
|m_axi_A_AWVALID   |  out|    1|       m_axi|                           A|       pointer|
|m_axi_A_AWREADY   |   in|    1|       m_axi|                           A|       pointer|
|m_axi_A_AWADDR    |  out|   64|       m_axi|                           A|       pointer|
|m_axi_A_AWID      |  out|    1|       m_axi|                           A|       pointer|
|m_axi_A_AWLEN     |  out|   32|       m_axi|                           A|       pointer|
|m_axi_A_AWSIZE    |  out|    3|       m_axi|                           A|       pointer|
|m_axi_A_AWBURST   |  out|    2|       m_axi|                           A|       pointer|
|m_axi_A_AWLOCK    |  out|    2|       m_axi|                           A|       pointer|
|m_axi_A_AWCACHE   |  out|    4|       m_axi|                           A|       pointer|
|m_axi_A_AWPROT    |  out|    3|       m_axi|                           A|       pointer|
|m_axi_A_AWQOS     |  out|    4|       m_axi|                           A|       pointer|
|m_axi_A_AWREGION  |  out|    4|       m_axi|                           A|       pointer|
|m_axi_A_AWUSER    |  out|    1|       m_axi|                           A|       pointer|
|m_axi_A_WVALID    |  out|    1|       m_axi|                           A|       pointer|
|m_axi_A_WREADY    |   in|    1|       m_axi|                           A|       pointer|
|m_axi_A_WDATA     |  out|   32|       m_axi|                           A|       pointer|
|m_axi_A_WSTRB     |  out|    4|       m_axi|                           A|       pointer|
|m_axi_A_WLAST     |  out|    1|       m_axi|                           A|       pointer|
|m_axi_A_WID       |  out|    1|       m_axi|                           A|       pointer|
|m_axi_A_WUSER     |  out|    1|       m_axi|                           A|       pointer|
|m_axi_A_ARVALID   |  out|    1|       m_axi|                           A|       pointer|
|m_axi_A_ARREADY   |   in|    1|       m_axi|                           A|       pointer|
|m_axi_A_ARADDR    |  out|   64|       m_axi|                           A|       pointer|
|m_axi_A_ARID      |  out|    1|       m_axi|                           A|       pointer|
|m_axi_A_ARLEN     |  out|   32|       m_axi|                           A|       pointer|
|m_axi_A_ARSIZE    |  out|    3|       m_axi|                           A|       pointer|
|m_axi_A_ARBURST   |  out|    2|       m_axi|                           A|       pointer|
|m_axi_A_ARLOCK    |  out|    2|       m_axi|                           A|       pointer|
|m_axi_A_ARCACHE   |  out|    4|       m_axi|                           A|       pointer|
|m_axi_A_ARPROT    |  out|    3|       m_axi|                           A|       pointer|
|m_axi_A_ARQOS     |  out|    4|       m_axi|                           A|       pointer|
|m_axi_A_ARREGION  |  out|    4|       m_axi|                           A|       pointer|
|m_axi_A_ARUSER    |  out|    1|       m_axi|                           A|       pointer|
|m_axi_A_RVALID    |   in|    1|       m_axi|                           A|       pointer|
|m_axi_A_RREADY    |  out|    1|       m_axi|                           A|       pointer|
|m_axi_A_RDATA     |   in|   32|       m_axi|                           A|       pointer|
|m_axi_A_RLAST     |   in|    1|       m_axi|                           A|       pointer|
|m_axi_A_RID       |   in|    1|       m_axi|                           A|       pointer|
|m_axi_A_RFIFONUM  |   in|    9|       m_axi|                           A|       pointer|
|m_axi_A_RUSER     |   in|    1|       m_axi|                           A|       pointer|
|m_axi_A_RRESP     |   in|    2|       m_axi|                           A|       pointer|
|m_axi_A_BVALID    |   in|    1|       m_axi|                           A|       pointer|
|m_axi_A_BREADY    |  out|    1|       m_axi|                           A|       pointer|
|m_axi_A_BRESP     |   in|    2|       m_axi|                           A|       pointer|
|m_axi_A_BID       |   in|    1|       m_axi|                           A|       pointer|
|m_axi_A_BUSER     |   in|    1|       m_axi|                           A|       pointer|
|m_axi_B_AWVALID   |  out|    1|       m_axi|                           B|       pointer|
|m_axi_B_AWREADY   |   in|    1|       m_axi|                           B|       pointer|
|m_axi_B_AWADDR    |  out|   64|       m_axi|                           B|       pointer|
|m_axi_B_AWID      |  out|    1|       m_axi|                           B|       pointer|
|m_axi_B_AWLEN     |  out|   32|       m_axi|                           B|       pointer|
|m_axi_B_AWSIZE    |  out|    3|       m_axi|                           B|       pointer|
|m_axi_B_AWBURST   |  out|    2|       m_axi|                           B|       pointer|
|m_axi_B_AWLOCK    |  out|    2|       m_axi|                           B|       pointer|
|m_axi_B_AWCACHE   |  out|    4|       m_axi|                           B|       pointer|
|m_axi_B_AWPROT    |  out|    3|       m_axi|                           B|       pointer|
|m_axi_B_AWQOS     |  out|    4|       m_axi|                           B|       pointer|
|m_axi_B_AWREGION  |  out|    4|       m_axi|                           B|       pointer|
|m_axi_B_AWUSER    |  out|    1|       m_axi|                           B|       pointer|
|m_axi_B_WVALID    |  out|    1|       m_axi|                           B|       pointer|
|m_axi_B_WREADY    |   in|    1|       m_axi|                           B|       pointer|
|m_axi_B_WDATA     |  out|   32|       m_axi|                           B|       pointer|
|m_axi_B_WSTRB     |  out|    4|       m_axi|                           B|       pointer|
|m_axi_B_WLAST     |  out|    1|       m_axi|                           B|       pointer|
|m_axi_B_WID       |  out|    1|       m_axi|                           B|       pointer|
|m_axi_B_WUSER     |  out|    1|       m_axi|                           B|       pointer|
|m_axi_B_ARVALID   |  out|    1|       m_axi|                           B|       pointer|
|m_axi_B_ARREADY   |   in|    1|       m_axi|                           B|       pointer|
|m_axi_B_ARADDR    |  out|   64|       m_axi|                           B|       pointer|
|m_axi_B_ARID      |  out|    1|       m_axi|                           B|       pointer|
|m_axi_B_ARLEN     |  out|   32|       m_axi|                           B|       pointer|
|m_axi_B_ARSIZE    |  out|    3|       m_axi|                           B|       pointer|
|m_axi_B_ARBURST   |  out|    2|       m_axi|                           B|       pointer|
|m_axi_B_ARLOCK    |  out|    2|       m_axi|                           B|       pointer|
|m_axi_B_ARCACHE   |  out|    4|       m_axi|                           B|       pointer|
|m_axi_B_ARPROT    |  out|    3|       m_axi|                           B|       pointer|
|m_axi_B_ARQOS     |  out|    4|       m_axi|                           B|       pointer|
|m_axi_B_ARREGION  |  out|    4|       m_axi|                           B|       pointer|
|m_axi_B_ARUSER    |  out|    1|       m_axi|                           B|       pointer|
|m_axi_B_RVALID    |   in|    1|       m_axi|                           B|       pointer|
|m_axi_B_RREADY    |  out|    1|       m_axi|                           B|       pointer|
|m_axi_B_RDATA     |   in|   32|       m_axi|                           B|       pointer|
|m_axi_B_RLAST     |   in|    1|       m_axi|                           B|       pointer|
|m_axi_B_RID       |   in|    1|       m_axi|                           B|       pointer|
|m_axi_B_RFIFONUM  |   in|    9|       m_axi|                           B|       pointer|
|m_axi_B_RUSER     |   in|    1|       m_axi|                           B|       pointer|
|m_axi_B_RRESP     |   in|    2|       m_axi|                           B|       pointer|
|m_axi_B_BVALID    |   in|    1|       m_axi|                           B|       pointer|
|m_axi_B_BREADY    |  out|    1|       m_axi|                           B|       pointer|
|m_axi_B_BRESP     |   in|    2|       m_axi|                           B|       pointer|
|m_axi_B_BID       |   in|    1|       m_axi|                           B|       pointer|
|m_axi_B_BUSER     |   in|    1|       m_axi|                           B|       pointer|
|sext_ln29_1       |   in|   62|     ap_none|                 sext_ln29_1|        scalar|
|sext_ln29         |   in|   62|     ap_none|                   sext_ln29|        scalar|
|Bbuf_address0     |  out|    6|   ap_memory|                        Bbuf|         array|
|Bbuf_ce0          |  out|    1|   ap_memory|                        Bbuf|         array|
|Bbuf_we0          |  out|    1|   ap_memory|                        Bbuf|         array|
|Bbuf_d0           |  out|   32|   ap_memory|                        Bbuf|         array|
|Bbuf_1_address0   |  out|    6|   ap_memory|                      Bbuf_1|         array|
|Bbuf_1_ce0        |  out|    1|   ap_memory|                      Bbuf_1|         array|
|Bbuf_1_we0        |  out|    1|   ap_memory|                      Bbuf_1|         array|
|Bbuf_1_d0         |  out|   32|   ap_memory|                      Bbuf_1|         array|
|Bbuf_2_address0   |  out|    6|   ap_memory|                      Bbuf_2|         array|
|Bbuf_2_ce0        |  out|    1|   ap_memory|                      Bbuf_2|         array|
|Bbuf_2_we0        |  out|    1|   ap_memory|                      Bbuf_2|         array|
|Bbuf_2_d0         |  out|   32|   ap_memory|                      Bbuf_2|         array|
|Bbuf_3_address0   |  out|    6|   ap_memory|                      Bbuf_3|         array|
|Bbuf_3_ce0        |  out|    1|   ap_memory|                      Bbuf_3|         array|
|Bbuf_3_we0        |  out|    1|   ap_memory|                      Bbuf_3|         array|
|Bbuf_3_d0         |  out|   32|   ap_memory|                      Bbuf_3|         array|
|Bbuf_4_address0   |  out|    6|   ap_memory|                      Bbuf_4|         array|
|Bbuf_4_ce0        |  out|    1|   ap_memory|                      Bbuf_4|         array|
|Bbuf_4_we0        |  out|    1|   ap_memory|                      Bbuf_4|         array|
|Bbuf_4_d0         |  out|   32|   ap_memory|                      Bbuf_4|         array|
|Bbuf_5_address0   |  out|    6|   ap_memory|                      Bbuf_5|         array|
|Bbuf_5_ce0        |  out|    1|   ap_memory|                      Bbuf_5|         array|
|Bbuf_5_we0        |  out|    1|   ap_memory|                      Bbuf_5|         array|
|Bbuf_5_d0         |  out|   32|   ap_memory|                      Bbuf_5|         array|
|Bbuf_6_address0   |  out|    6|   ap_memory|                      Bbuf_6|         array|
|Bbuf_6_ce0        |  out|    1|   ap_memory|                      Bbuf_6|         array|
|Bbuf_6_we0        |  out|    1|   ap_memory|                      Bbuf_6|         array|
|Bbuf_6_d0         |  out|   32|   ap_memory|                      Bbuf_6|         array|
|Bbuf_7_address0   |  out|    6|   ap_memory|                      Bbuf_7|         array|
|Bbuf_7_ce0        |  out|    1|   ap_memory|                      Bbuf_7|         array|
|Bbuf_7_we0        |  out|    1|   ap_memory|                      Bbuf_7|         array|
|Bbuf_7_d0         |  out|   32|   ap_memory|                      Bbuf_7|         array|
|Bbuf_8_address0   |  out|    6|   ap_memory|                      Bbuf_8|         array|
|Bbuf_8_ce0        |  out|    1|   ap_memory|                      Bbuf_8|         array|
|Bbuf_8_we0        |  out|    1|   ap_memory|                      Bbuf_8|         array|
|Bbuf_8_d0         |  out|   32|   ap_memory|                      Bbuf_8|         array|
|Bbuf_9_address0   |  out|    6|   ap_memory|                      Bbuf_9|         array|
|Bbuf_9_ce0        |  out|    1|   ap_memory|                      Bbuf_9|         array|
|Bbuf_9_we0        |  out|    1|   ap_memory|                      Bbuf_9|         array|
|Bbuf_9_d0         |  out|   32|   ap_memory|                      Bbuf_9|         array|
|Bbuf_10_address0  |  out|    6|   ap_memory|                     Bbuf_10|         array|
|Bbuf_10_ce0       |  out|    1|   ap_memory|                     Bbuf_10|         array|
|Bbuf_10_we0       |  out|    1|   ap_memory|                     Bbuf_10|         array|
|Bbuf_10_d0        |  out|   32|   ap_memory|                     Bbuf_10|         array|
|Bbuf_11_address0  |  out|    6|   ap_memory|                     Bbuf_11|         array|
|Bbuf_11_ce0       |  out|    1|   ap_memory|                     Bbuf_11|         array|
|Bbuf_11_we0       |  out|    1|   ap_memory|                     Bbuf_11|         array|
|Bbuf_11_d0        |  out|   32|   ap_memory|                     Bbuf_11|         array|
|Bbuf_12_address0  |  out|    6|   ap_memory|                     Bbuf_12|         array|
|Bbuf_12_ce0       |  out|    1|   ap_memory|                     Bbuf_12|         array|
|Bbuf_12_we0       |  out|    1|   ap_memory|                     Bbuf_12|         array|
|Bbuf_12_d0        |  out|   32|   ap_memory|                     Bbuf_12|         array|
|Bbuf_13_address0  |  out|    6|   ap_memory|                     Bbuf_13|         array|
|Bbuf_13_ce0       |  out|    1|   ap_memory|                     Bbuf_13|         array|
|Bbuf_13_we0       |  out|    1|   ap_memory|                     Bbuf_13|         array|
|Bbuf_13_d0        |  out|   32|   ap_memory|                     Bbuf_13|         array|
|Bbuf_14_address0  |  out|    6|   ap_memory|                     Bbuf_14|         array|
|Bbuf_14_ce0       |  out|    1|   ap_memory|                     Bbuf_14|         array|
|Bbuf_14_we0       |  out|    1|   ap_memory|                     Bbuf_14|         array|
|Bbuf_14_d0        |  out|   32|   ap_memory|                     Bbuf_14|         array|
|Bbuf_15_address0  |  out|    6|   ap_memory|                     Bbuf_15|         array|
|Bbuf_15_ce0       |  out|    1|   ap_memory|                     Bbuf_15|         array|
|Bbuf_15_we0       |  out|    1|   ap_memory|                     Bbuf_15|         array|
|Bbuf_15_d0        |  out|   32|   ap_memory|                     Bbuf_15|         array|
|Abuf_address0     |  out|    6|   ap_memory|                        Abuf|         array|
|Abuf_ce0          |  out|    1|   ap_memory|                        Abuf|         array|
|Abuf_we0          |  out|    1|   ap_memory|                        Abuf|         array|
|Abuf_d0           |  out|   32|   ap_memory|                        Abuf|         array|
|Abuf_1_address0   |  out|    6|   ap_memory|                      Abuf_1|         array|
|Abuf_1_ce0        |  out|    1|   ap_memory|                      Abuf_1|         array|
|Abuf_1_we0        |  out|    1|   ap_memory|                      Abuf_1|         array|
|Abuf_1_d0         |  out|   32|   ap_memory|                      Abuf_1|         array|
|Abuf_2_address0   |  out|    6|   ap_memory|                      Abuf_2|         array|
|Abuf_2_ce0        |  out|    1|   ap_memory|                      Abuf_2|         array|
|Abuf_2_we0        |  out|    1|   ap_memory|                      Abuf_2|         array|
|Abuf_2_d0         |  out|   32|   ap_memory|                      Abuf_2|         array|
|Abuf_3_address0   |  out|    6|   ap_memory|                      Abuf_3|         array|
|Abuf_3_ce0        |  out|    1|   ap_memory|                      Abuf_3|         array|
|Abuf_3_we0        |  out|    1|   ap_memory|                      Abuf_3|         array|
|Abuf_3_d0         |  out|   32|   ap_memory|                      Abuf_3|         array|
|Abuf_4_address0   |  out|    6|   ap_memory|                      Abuf_4|         array|
|Abuf_4_ce0        |  out|    1|   ap_memory|                      Abuf_4|         array|
|Abuf_4_we0        |  out|    1|   ap_memory|                      Abuf_4|         array|
|Abuf_4_d0         |  out|   32|   ap_memory|                      Abuf_4|         array|
|Abuf_5_address0   |  out|    6|   ap_memory|                      Abuf_5|         array|
|Abuf_5_ce0        |  out|    1|   ap_memory|                      Abuf_5|         array|
|Abuf_5_we0        |  out|    1|   ap_memory|                      Abuf_5|         array|
|Abuf_5_d0         |  out|   32|   ap_memory|                      Abuf_5|         array|
|Abuf_6_address0   |  out|    6|   ap_memory|                      Abuf_6|         array|
|Abuf_6_ce0        |  out|    1|   ap_memory|                      Abuf_6|         array|
|Abuf_6_we0        |  out|    1|   ap_memory|                      Abuf_6|         array|
|Abuf_6_d0         |  out|   32|   ap_memory|                      Abuf_6|         array|
|Abuf_7_address0   |  out|    6|   ap_memory|                      Abuf_7|         array|
|Abuf_7_ce0        |  out|    1|   ap_memory|                      Abuf_7|         array|
|Abuf_7_we0        |  out|    1|   ap_memory|                      Abuf_7|         array|
|Abuf_7_d0         |  out|   32|   ap_memory|                      Abuf_7|         array|
|Abuf_8_address0   |  out|    6|   ap_memory|                      Abuf_8|         array|
|Abuf_8_ce0        |  out|    1|   ap_memory|                      Abuf_8|         array|
|Abuf_8_we0        |  out|    1|   ap_memory|                      Abuf_8|         array|
|Abuf_8_d0         |  out|   32|   ap_memory|                      Abuf_8|         array|
|Abuf_9_address0   |  out|    6|   ap_memory|                      Abuf_9|         array|
|Abuf_9_ce0        |  out|    1|   ap_memory|                      Abuf_9|         array|
|Abuf_9_we0        |  out|    1|   ap_memory|                      Abuf_9|         array|
|Abuf_9_d0         |  out|   32|   ap_memory|                      Abuf_9|         array|
|Abuf_10_address0  |  out|    6|   ap_memory|                     Abuf_10|         array|
|Abuf_10_ce0       |  out|    1|   ap_memory|                     Abuf_10|         array|
|Abuf_10_we0       |  out|    1|   ap_memory|                     Abuf_10|         array|
|Abuf_10_d0        |  out|   32|   ap_memory|                     Abuf_10|         array|
|Abuf_11_address0  |  out|    6|   ap_memory|                     Abuf_11|         array|
|Abuf_11_ce0       |  out|    1|   ap_memory|                     Abuf_11|         array|
|Abuf_11_we0       |  out|    1|   ap_memory|                     Abuf_11|         array|
|Abuf_11_d0        |  out|   32|   ap_memory|                     Abuf_11|         array|
|Abuf_12_address0  |  out|    6|   ap_memory|                     Abuf_12|         array|
|Abuf_12_ce0       |  out|    1|   ap_memory|                     Abuf_12|         array|
|Abuf_12_we0       |  out|    1|   ap_memory|                     Abuf_12|         array|
|Abuf_12_d0        |  out|   32|   ap_memory|                     Abuf_12|         array|
|Abuf_13_address0  |  out|    6|   ap_memory|                     Abuf_13|         array|
|Abuf_13_ce0       |  out|    1|   ap_memory|                     Abuf_13|         array|
|Abuf_13_we0       |  out|    1|   ap_memory|                     Abuf_13|         array|
|Abuf_13_d0        |  out|   32|   ap_memory|                     Abuf_13|         array|
|Abuf_14_address0  |  out|    6|   ap_memory|                     Abuf_14|         array|
|Abuf_14_ce0       |  out|    1|   ap_memory|                     Abuf_14|         array|
|Abuf_14_we0       |  out|    1|   ap_memory|                     Abuf_14|         array|
|Abuf_14_d0        |  out|   32|   ap_memory|                     Abuf_14|         array|
|Abuf_15_address0  |  out|    6|   ap_memory|                     Abuf_15|         array|
|Abuf_15_ce0       |  out|    1|   ap_memory|                     Abuf_15|         array|
|Abuf_15_we0       |  out|    1|   ap_memory|                     Abuf_15|         array|
|Abuf_15_d0        |  out|   32|   ap_memory|                     Abuf_15|         array|
+------------------+-----+-----+------------+----------------------------+--------------+

